<html>
<body>
<pre>
<h1>礦ision Build Log</h1>
<h2>Tool Versions:</h2>
IDE-Version: 礦ision V5.18.0.0
Copyright (C) 2016 ARM Ltd and ARM Germany GmbH. All rights reserved.
License Information: 1 1, 1, LIC=RC93N-YKVHK-12WLE-5QBPG-YKSD1-2IBP1
 
Tool Versions:
Toolchain:       MDK-ARM Standard  Version: 5.18
Toolchain Path:  C:\Keil_v5\ARM\ARMCC\Bin
C Compiler:      Armcc.exe V5.06 update 1 (build 61)
Assembler:       Armasm.exe V5.06 update 1 (build 61)
Linker/Locator:  ArmLink.exe V5.06 update 1 (build 61)
Library Manager: ArmAr.exe V5.06 update 1 (build 61)
Hex Converter:   FromElf.exe V5.06 update 1 (build 61)
CPU DLL:         SARMCM3.DLL V5.18
Dialog DLL:      DARMSTM.DLL V1.65.0.0
Target DLL:      STLink\ST-LINKIII-KEIL_SWO.dll V2.0.18.0
Dialog DLL:      TARMSTM.DLL V1.64.0.0
 
<h2>Project:</h2>
C:\Users\1\Desktop\【正点原子】战舰STM32F103开发板资料 资料盘(A盘)\4，程序源码\2，标准例程-库函数版本\实验36 外部SRAM实验\USER\SRAM.uvprojx
Project File Date:  11/16/2019

<h2>Output:</h2>
*** Using Compiler 'V5.06 update 1 (build 61)', folder: 'C:\Keil_v5\ARM\ARMCC\Bin'
Build target 'SRAM'
assembling startup_stm32f10x_hd.s...
compiling key.c...
compiling led.c...
compiling system_stm32f10x.c...
compiling delay.c...
compiling stm32f10x_it.c...
compiling misc.c...
compiling sram.c...
compiling usart.c...
compiling core_cm3.c...
compiling main.c...
compiling lcd.c...
compiling sys.c...
compiling stm32f10x_fsmc.c...
compiling stm32f10x_gpio.c...
compiling stm32f10x_usart.c...
compiling stm32f10x_rcc.c...
compiling usmart_config.c...
compiling usmart_str.c...
compiling usmart.c...
compiling stm32f10x_tim.c...
linking...
Program Size: Code=30444 RO-data=6704 RW-data=380 ZI-data=1001852  
FromELF: creating hex file...
"..\OBJ\SRAM.axf" - 0 Error(s), 0 Warning(s).

<h2>Collection of Component include folders:</h2>
  C:\Users\1\Desktop\【正点原子】战舰STM32F103开发板资料 资料盘(A盘)\4，程序源码\2，标准例程-库函数版本\实验36 外部SRAM实验\USER\RTE
  C:\Keil_v5\ARM\PACK\Keil\STM32F1xx_DFP\2.4.0\Device\Include

<h2>Collection of Component Files used:</h2>
Build Time Elapsed:  00:00:01
</pre>
</body>
</html>
