Component: ARM Compiler 5.06 update 1 (build 61) Tool: armlink [4d35a8]

==============================================================================

Section Cross References

    main.o(.text) refers to _printf_pad.o(.text) for _printf_pre_padding
    main.o(.text) refers to _printf_percent.o(.ARM.Collect$$_printf_percent$$00000000) for _printf_percent
    main.o(.text) refers to _printf_d.o(.ARM.Collect$$_printf_percent$$00000009) for _printf_d
    main.o(.text) refers to _printf_dec.o(.text) for _printf_int_dec
    main.o(.text) refers to lcd.o(.text) for LCD_ShowxNum
    main.o(.text) refers to malloc.o(.text) for my_mem_perused
    main.o(.text) refers to noretval__2sprintf.o(.text) for __2sprintf
    main.o(.text) refers to os_q.o(.text) for OSQPost
    main.o(.text) refers to os_tmr.o(.text) for OSTmrStop
    main.o(.text) refers to delay.o(.text) for delay_ms
    main.o(.text) refers to key.o(.text) for KEY_Scan
    main.o(.text) refers to tpad.o(.text) for TPAD_Scan
    main.o(.text) refers to os_mbox.o(.text) for OSMboxPost
    main.o(.text) refers to os_flag.o(.text) for OSFlagPend
    main.o(.text) refers to lcd.o(.data) for POINT_COLOR
    main.o(.text) refers to main.o(.data) for tcnt
    main.o(.text) refers to os_core.o(.data) for OSCPUUsage
    main.o(.text) refers to lcd.o(.bss) for lcddev
    main.o(.text) refers to os_task.o(.text) for OSTaskSuspend
    main.o(.text) refers to touch.o(.text) for TP_Adjust
    main.o(.text) refers to touch.o(.data) for tp_dev
    main.o(.text) refers to os_cpu_a.o(.text) for OS_CPU_SR_Save
    main.o(.text) refers to os_core.o(.text) for OSStatInit
    main.o(.text) refers to misc.o(.text) for NVIC_PriorityGroupConfig
    main.o(.text) refers to usart.o(.text) for uart_init
    main.o(.text) refers to led.o(.text) for LED_Init
    main.o(.text) refers to beep.o(.text) for BEEP_Init
    main.o(.text) refers to main.o(.bss) for MsgGrp
    system_stm32f10x.o(.text) refers to system_stm32f10x.o(.data) for SystemCoreClock
    led.o(.text) refers to stm32f10x_rcc.o(.text) for RCC_APB2PeriphClockCmd
    led.o(.text) refers to stm32f10x_gpio.o(.text) for GPIO_Init
    key.o(.text) refers to stm32f10x_rcc.o(.text) for RCC_APB2PeriphClockCmd
    key.o(.text) refers to stm32f10x_gpio.o(.text) for GPIO_Init
    key.o(.text) refers to delay.o(.text) for delay_ms
    key.o(.text) refers to key.o(.data) for key_up
    beep.o(.text) refers to stm32f10x_rcc.o(.text) for RCC_APB2PeriphClockCmd
    beep.o(.text) refers to stm32f10x_gpio.o(.text) for GPIO_Init
    lcd.o(.text) refers to _printf_percent.o(.ARM.Collect$$_printf_percent$$00000000) for _printf_percent
    lcd.o(.text) refers to _printf_x.o(.ARM.Collect$$_printf_percent$$0000000C) for _printf_x
    lcd.o(.text) refers to _printf_hex_int.o(.text) for _printf_longlong_hex
    lcd.o(.text) refers to delay.o(.text) for delay_us
    lcd.o(.text) refers to lcd.o(.bss) for lcddev
    lcd.o(.text) refers to dflt_clz.o(x$fpl$dfltu) for __aeabi_ui2d
    lcd.o(.text) refers to dmul.o(x$fpl$dmul) for __aeabi_dmul
    lcd.o(.text) refers to dfixu.o(x$fpl$dfixu) for __aeabi_d2uiz
    lcd.o(.text) refers to lcd.o(.data) for POINT_COLOR
    lcd.o(.text) refers to stm32f10x_rcc.o(.text) for RCC_AHBPeriphClockCmd
    lcd.o(.text) refers to stm32f10x_gpio.o(.text) for GPIO_Init
    lcd.o(.text) refers to stm32f10x_fsmc.o(.text) for FSMC_NORSRAMInit
    lcd.o(.text) refers to noretval__2printf.o(.text) for __2printf
    lcd.o(.text) refers to lcd.o(.constdata) for asc2_1206
    myiic.o(.text) refers to stm32f10x_rcc.o(.text) for RCC_APB2PeriphClockCmd
    myiic.o(.text) refers to stm32f10x_gpio.o(.text) for GPIO_Init
    myiic.o(.text) refers to delay.o(.text) for delay_us
    24cxx.o(.text) refers to myiic.o(.text) for IIC_Init
    24cxx.o(.text) refers to delay.o(.text) for delay_ms
    spi.o(.text) refers to stm32f10x_spi.o(.text) for SPI_I2S_GetFlagStatus
    spi.o(.text) refers to stm32f10x_rcc.o(.text) for RCC_APB2PeriphClockCmd
    spi.o(.text) refers to stm32f10x_gpio.o(.text) for GPIO_Init
    w25qxx.o(.text) refers to _printf_percent.o(.ARM.Collect$$_printf_percent$$00000000) for _printf_percent
    w25qxx.o(.text) refers to _printf_x.o(.ARM.Collect$$_printf_percent$$0000000C) for _printf_x
    w25qxx.o(.text) refers to _printf_hex_int.o(.text) for _printf_longlong_hex
    w25qxx.o(.text) refers to spi.o(.text) for SPI2_ReadWriteByte
    w25qxx.o(.text) refers to stm32f10x_rcc.o(.text) for RCC_APB2PeriphClockCmd
    w25qxx.o(.text) refers to stm32f10x_gpio.o(.text) for GPIO_Init
    w25qxx.o(.text) refers to noretval__2printf.o(.text) for __2printf
    w25qxx.o(.text) refers to delay.o(.text) for delay_us
    w25qxx.o(.text) refers to w25qxx.o(.data) for W25QXX_TYPE
    w25qxx.o(.text) refers to w25qxx.o(.bss) for W25QXX_BUFFER
    touch.o(.text) refers to delay.o(.text) for delay_us
    touch.o(.text) refers to lcd.o(.text) for LCD_DrawLine
    touch.o(.text) refers to fflt_clz.o(x$fpl$fflt) for __aeabi_i2f
[...]
    __rt_lib_shutdown                        0x080001bf   Thumb Code     0  libshutdown.o(.ARM.Collect$$libshutdown$$00000000)
    __rt_lib_shutdown_cpp_1                  0x080001c1   Thumb Code     0  libshutdown2.o(.ARM.Collect$$libshutdown$$00000002)
    __rt_lib_shutdown_fp_trap_1              0x080001c1   Thumb Code     0  libshutdown2.o(.ARM.Collect$$libshutdown$$00000007)
    __rt_lib_shutdown_heap_1                 0x080001c1   Thumb Code     0  libshutdown2.o(.ARM.Collect$$libshutdown$$0000000F)
    __rt_lib_shutdown_return                 0x080001c1   Thumb Code     0  libshutdown2.o(.ARM.Collect$$libshutdown$$00000010)
    __rt_lib_shutdown_signal_1               0x080001c1   Thumb Code     0  libshutdown2.o(.ARM.Collect$$libshutdown$$0000000A)
    __rt_lib_shutdown_stdio_1                0x080001c1   Thumb Code     0  libshutdown2.o(.ARM.Collect$$libshutdown$$00000004)
    __rt_lib_shutdown_user_alloc_1           0x080001c1   Thumb Code     0  libshutdown2.o(.ARM.Collect$$libshutdown$$0000000C)
    __rt_entry                               0x080001c3   Thumb Code     0  __rtentry.o(.ARM.Collect$$rtentry$$00000000)
    __rt_entry_presh_1                       0x080001c3   Thumb Code     0  __rtentry2.o(.ARM.Collect$$rtentry$$00000002)
    __rt_entry_sh                            0x080001c3   Thumb Code     0  __rtentry4.o(.ARM.Collect$$rtentry$$00000004)
    __rt_entry_li                            0x080001c9   Thumb Code     0  __rtentry2.o(.ARM.Collect$$rtentry$$0000000A)
    __rt_entry_postsh_1                      0x080001c9   Thumb Code     0  __rtentry2.o(.ARM.Collect$$rtentry$$00000009)
    __rt_entry_main                          0x080001cd   Thumb Code     0  __rtentry2.o(.ARM.Collect$$rtentry$$0000000D)
    __rt_entry_postli_1                      0x080001cd   Thumb Code     0  __rtentry2.o(.ARM.Collect$$rtentry$$0000000C)
    __rt_exit                                0x080001d5   Thumb Code     0  rtexit.o(.ARM.Collect$$rtexit$$00000000)
    __rt_exit_ls                             0x080001d7   Thumb Code     0  rtexit2.o(.ARM.Collect$$rtexit$$00000003)
    __rt_exit_prels_1                        0x080001d7   Thumb Code     0  rtexit2.o(.ARM.Collect$$rtexit$$00000002)
    __rt_exit_exit                           0x080001db   Thumb Code     0  rtexit2.o(.ARM.Collect$$rtexit$$00000004)
    tmr1_callback                            0x080001e1   Thumb Code   140  main.o(.text)
    tmr2_callback                            0x0800026d   Thumb Code   274  main.o(.text)
    tmr3_callback                            0x0800037f   Thumb Code    82  main.o(.text)
    ucos_load_main_ui                        0x080003d1   Thumb Code   362  main.o(.text)
    key_task                                 0x0800053b   Thumb Code    42  main.o(.text)
    flags_task                               0x08000565   Thumb Code   492  main.o(.text)
    main_task                                0x08000751   Thumb Code   452  main.o(.text)
    qmsgshow_task                            0x08000915   Thumb Code    54  main.o(.text)
    gui_draw_hline                           0x0800094b   Thumb Code    36  main.o(.text)
    gui_fill_circle                          0x0800096f   Thumb Code   176  main.o(.text)
    lcd_draw_bline                           0x08000a1f   Thumb Code   212  main.o(.text)
    touch_task                               0x08000af3   Thumb Code   250  main.o(.text)
    led_task                                 0x08000bed   Thumb Code    36  main.o(.text)
    start_task                               0x08000c11   Thumb Code   152  main.o(.text)
    main                                     0x08000ca9   Thumb Code    86  main.o(.text)
    my_abs                                   0x08000cff   Thumb Code    18  main.o(.text)
    NMI_Handler                              0x08000d49   Thumb Code     2  stm32f10x_it.o(.text)
    HardFault_Handler                        0x08000d4b   Thumb Code     4  stm32f10x_it.o(.text)
    MemManage_Handler                        0x08000d4f   Thumb Code     4  stm32f10x_it.o(.text)
    BusFault_Handler                         0x08000d53   Thumb Code     4  stm32f10x_it.o(.text)
    UsageFault_Handler                       0x08000d57   Thumb Code     4  stm32f10x_it.o(.text)
    SVC_Handler                              0x08000d5b   Thumb Code     2  stm32f10x_it.o(.text)
    DebugMon_Handler                         0x08000d5d   Thumb Code     2  stm32f10x_it.o(.text)
    SystemInit                               0x08000e3f   Thumb Code    78  system_stm32f10x.o(.text)
    SystemCoreClockUpdate                    0x08000e8d   Thumb Code   142  system_stm32f10x.o(.text)
    LED_Init                                 0x08000f41   Thumb Code    68  led.o(.text)
    KEY_Init                                 0x08000f8d   Thumb Code    52  key.o(.text)
    KEY_Scan                                 0x08000fc1   Thumb Code   188  key.o(.text)
    BEEP_Init                                0x08001089   Thumb Code    50  beep.o(.text)
    LCD_WR_REG                               0x080010c1   Thumb Code     6  lcd.o(.text)
    LCD_WR_DATA                              0x080010c7   Thumb Code     8  lcd.o(.text)
    LCD_RD_DATA                              0x080010cf   Thumb Code    16  lcd.o(.text)
    LCD_WriteReg                             0x080010df   Thumb Code    10  lcd.o(.text)
    LCD_ReadReg                              0x080010e9   Thumb Code    22  lcd.o(.text)
    LCD_WriteRAM_Prepare                     0x080010ff   Thumb Code    10  lcd.o(.text)
    LCD_WriteRAM                             0x08001109   Thumb Code     8  lcd.o(.text)
    LCD_BGR2RGB                              0x08001111   Thumb Code    26  lcd.o(.text)
    opt_delay                                0x0800112b   Thumb Code    14  lcd.o(.text)
    LCD_SetCursor                            0x08001139   Thumb Code   282  lcd.o(.text)
    LCD_ReadPoint                            0x08001253   Thumb Code   126  lcd.o(.text)
    LCD_DisplayOn                            0x080012d1   Thumb Code    32  lcd.o(.text)
    LCD_DisplayOff                           0x080012f1   Thumb Code    32  lcd.o(.text)
    LCD_Scan_Dir                             0x08001311   Thumb Code   570  lcd.o(.text)
    LCD_DrawPoint                            0x0800154b   Thumb Code    28  lcd.o(.text)
    LCD_Fast_DrawPoint                       0x08001567   Thumb Code   234  lcd.o(.text)
    LCD_SSD_BackLightSet                     0x08001651   Thumb Code    80  lcd.o(.text)
    LCD_Display_Dir                          0x080016a1   Thumb Code   298  lcd.o(.text)
    LCD_Set_Window                           0x080017cb   Thumb Code   364  lcd.o(.text)
    LCD_Clear                                0x08001937   Thumb Code    42  lcd.o(.text)
    LCD_Init                                 0x08001961   Thumb Code  9850  lcd.o(.text)
    LCD_Fill                                 0x08003fdb   Thumb Code    80  lcd.o(.text)
    LCD_Color_Fill                           0x0800402b   Thumb Code    92  lcd.o(.text)
    LCD_DrawLine                             0x08004087   Thumb Code   176  lcd.o(.text)
    LCD_DrawRectangle                        0x08004137   Thumb Code    60  lcd.o(.text)
    LCD_Draw_Circle                          0x08004173   Thumb Code   152  lcd.o(.text)
    LCD_ShowChar                             0x0800420b   Thumb Code   284  lcd.o(.text)
    LCD_Pow                                  0x08004327   Thumb Code    22  lcd.o(.text)
    LCD_ShowNum                              0x0800433d   Thumb Code   148  lcd.o(.text)
    LCD_ShowxNum                             0x080043d1   Thumb Code   190  lcd.o(.text)
    LCD_ShowString                           0x0800448f   Thumb Code   102  lcd.o(.text)
    IIC_Init                                 0x0800450d   Thumb Code    46  myiic.o(.text)
    IIC_Start                                0x0800453b   Thumb Code    64  myiic.o(.text)
    IIC_Stop                                 0x0800457b   Thumb Code    66  myiic.o(.text)
    IIC_Wait_Ack                             0x080045bd   Thumb Code    86  myiic.o(.text)
    IIC_Ack                                  0x08004613   Thumb Code    70  myiic.o(.text)
    IIC_NAck                                 0x08004659   Thumb Code    70  myiic.o(.text)
    IIC_Send_Byte                            0x0800469f   Thumb Code   104  myiic.o(.text)
    IIC_Read_Byte                            0x08004707   Thumb Code   100  myiic.o(.text)
    AT24CXX_Init                             0x08004779   Thumb Code     8  24cxx.o(.text)
    AT24CXX_ReadOneByte                      0x08004781   Thumb Code    88  24cxx.o(.text)
    AT24CXX_WriteOneByte                     0x080047d9   Thumb Code    80  24cxx.o(.text)
    AT24CXX_WriteLenByte                     0x08004829   Thumb Code    42  24cxx.o(.text)
    AT24CXX_ReadLenByte                      0x08004853   Thumb Code    44  24cxx.o(.text)
    AT24CXX_Check                            0x0800487f   Thumb Code    46  24cxx.o(.text)
    AT24CXX_Read                             0x080048ad   Thumb Code    34  24cxx.o(.text)
    AT24CXX_Write                            0x080048cf   Thumb Code    36  24cxx.o(.text)
    TP_Write_Byte                            0x080048f5   Thumb Code    64  touch.o(.text)
    TP_Read_AD                               0x08004935   Thumb Code   136  touch.o(.text)
    TP_Read_XOY                              0x080049bd   Thumb Code   120  touch.o(.text)
    TP_Read_XY                               0x08004a35   Thumb Code    38  touch.o(.text)
    TP_Read_XY2                              0x08004a5b   Thumb Code   192  touch.o(.text)
    TP_Drow_Touch_Point                      0x08004b1b   Thumb Code   108  touch.o(.text)
    TP_Draw_Big_Point                        0x08004b87   Thumb Code    54  touch.o(.text)
    TP_Scan                                  0x08004bbd   Thumb Code   264  touch.o(.text)
    TP_Save_Adjdata                          0x08004cc5   Thumb Code    24  touch.o(.text)
    TP_Get_Adjdata                           0x08004cdd   Thumb Code   104  touch.o(.text)
    TP_Adj_Info_Show                         0x08004d45   Thumb Code   374  touch.o(.text)
    TP_Adjust                                0x08004ebb   Thumb Code  2128  touch.o(.text)
    TP_Init                                  0x0800570b   Thumb Code   330  touch.o(.text)
    CT_Delay                                 0x080058a9   Thumb Code    10  ctiic.o(.text)
    CT_IIC_Init                              0x080058b3   Thumb Code    72  ctiic.o(.text)
    CT_IIC_Start                             0x080058fb   Thumb Code    66  ctiic.o(.text)
    CT_IIC_Stop                              0x0800593d   Thumb Code    60  ctiic.o(.text)
    CT_IIC_Wait_Ack                          0x08005979   Thumb Code    86  ctiic.o(.text)
    CT_IIC_Ack                               0x080059cf   Thumb Code    70  ctiic.o(.text)
    CT_IIC_NAck                              0x08005a15   Thumb Code    70  ctiic.o(.text)
    CT_IIC_Send_Byte                         0x08005a5b   Thumb Code    86  ctiic.o(.text)
    CT_IIC_Read_Byte                         0x08005ab1   Thumb Code   100  ctiic.o(.text)
    OTT2001A_WR_Reg                          0x08005b2d   Thumb Code    92  ott2001a.o(.text)
    OTT2001A_RD_Reg                          0x08005b89   Thumb Code    98  ott2001a.o(.text)
    OTT2001A_SensorControl                   0x08005beb   Thumb Code    28  ott2001a.o(.text)
    OTT2001A_Init                            0x08005c07   Thumb Code   156  ott2001a.o(.text)
    OTT2001A_Scan                            0x08005ca3   Thumb Code   446  ott2001a.o(.text)
    FT5206_WR_Reg                            0x08005e99   Thumb Code    82  ft5206.o(.text)
    FT5206_RD_Reg                            0x08005eeb   Thumb Code    88  ft5206.o(.text)
    FT5206_Init                              0x08005f43   Thumb Code   302  ft5206.o(.text)
    FT5206_Scan                              0x08006071   Thumb Code   928  ft5206.o(.text)
    GT9147_WR_Reg                            0x08006419   Thumb Code    92  gt9147.o(.text)
    GT9147_Send_Cfg                          0x08006475   Thumb Code    86  gt9147.o(.text)
    GT9147_RD_Reg                            0x080064cb   Thumb Code    98  gt9147.o(.text)
    GT9147_Init                              0x0800652d   Thumb Code   268  gt9147.o(.text)
    GT9147_Scan                              0x08006639   Thumb Code   494  gt9147.o(.text)
    TPAD_Reset                               0x08006871   Thumb Code    82  tpad.o(.text)
    TPAD_Get_Val                             0x080068c3   Thumb Code    50  tpad.o(.text)
    TIM5_CH2_Cap_Init                        0x080068f5   Thumb Code   126  tpad.o(.text)
    TPAD_Init                                0x08006973   Thumb Code   160  tpad.o(.text)
    TPAD_Get_MaxVal                          0x08006a13   Thumb Code    36  tpad.o(.text)
    TPAD_Scan                                0x08006a37   Thumb Code    74  tpad.o(.text)
    delay_osschedlock                        0x08006aa9   Thumb Code     8  delay.o(.text)
    delay_osschedunlock                      0x08006ab1   Thumb Code     8  delay.o(.text)
    delay_ostimedly                          0x08006ab9   Thumb Code    12  delay.o(.text)
    SysTick_Handler                          0x08006ac5   Thumb Code    24  delay.o(.text)
    delay_init                               0x08006add   Thumb Code    76  delay.o(.text)
    delay_us                                 0x08006b29   Thumb Code    86  delay.o(.text)
    delay_ms                                 0x08006b7f   Thumb Code    66  delay.o(.text)
    _sys_exit                                0x08006bd9   Thumb Code     4  usart.o(.text)
    fputc                                    0x08006bdd   Thumb Code    24  usart.o(.text)
    uart_init                                0x08006bf5   Thumb Code   152  usart.o(.text)
    USART1_IRQHandler                        0x08006c8d   Thumb Code   130  usart.o(.text)
    mymemcpy                                 0x08006d21   Thumb Code    26  malloc.o(.text)
    mymemset                                 0x08006d3b   Thumb Code    20  malloc.o(.text)
    my_mem_init                              0x08006d4f   Thumb Code    54  malloc.o(.text)
    my_mem_perused                           0x08006d85   Thumb Code    54  malloc.o(.text)
    my_mem_malloc                            0x08006dbb   Thumb Code   154  malloc.o(.text)
    my_mem_free                              0x08006e55   Thumb Code    94  malloc.o(.text)
    myfree                                   0x08006eb3   Thumb Code    32  malloc.o(.text)
    mymalloc                                 0x08006ed3   Thumb Code    36  malloc.o(.text)
    myrealloc                                0x08006ef7   Thumb Code    68  malloc.o(.text)
    Reset_Handler                            0x08006f4d   Thumb Code     8  startup_stm32f10x_hd.o(.text)
    ADC1_2_IRQHandler                        0x08006f67   Thumb Code     0  startup_stm32f10x_hd.o(.text)
    ADC3_IRQHandler                          0x08006f67   Thumb Code     0  startup_stm32f10x_hd.o(.text)
    CAN1_RX1_IRQHandler                      0x08006f67   Thumb Code     0  startup_stm32f10x_hd.o(.text)
    CAN1_SCE_IRQHandler                      0x08006f67   Thumb Code     0  startup_stm32f10x_hd.o(.text)
    DMA1_Channel1_IRQHandler                 0x08006f67   Thumb Code     0  startup_stm32f10x_hd.o(.text)
    DMA1_Channel2_IRQHandler                 0x08006f67   Thumb Code     0  startup_stm32f10x_hd.o(.text)
    DMA1_Channel3_IRQHandler                 0x08006f67   Thumb Code     0  startup_stm32f10x_hd.o(.text)
    DMA1_Channel4_IRQHandler                 0x08006f67   Thumb Code     0  startup_stm32f10x_hd.o(.text)
    DMA1_Channel5_IRQHandler                 0x08006f67   Thumb Code     0  startup_stm32f10x_hd.o(.text)
    DMA1_Channel6_IRQHandler                 0x08006f67   Thumb Code     0  startup_stm32f10x_hd.o(.text)
    DMA1_Channel7_IRQHandler                 0x08006f67   Thumb Code     0  startup_stm32f10x_hd.o(.text)
    DMA2_Channel1_IRQHandler                 0x08006f67   Thumb Code     0  startup_stm32f10x_hd.o(.text)
    DMA2_Channel2_IRQHandler                 0x08006f67   Thumb Code     0  startup_stm32f10x_hd.o(.text)
    DMA2_Channel3_IRQHandler                 0x08006f67   Thumb Code     0  startup_stm32f10x_hd.o(.text)
    DMA2_Channel4_5_IRQHandler               0x08006f67   Thumb Code     0  startup_stm32f10x_hd.o(.text)
    EXTI0_IRQHandler                         0x08006f67   Thumb Code     0  startup_stm32f10x_hd.o(.text)
    EXTI15_10_IRQHandler                     0x08006f67   Thumb Code     0  startup_stm32f10x_hd.o(.text)
    EXTI1_IRQHandler                         0x08006f67   Thumb Code     0  startup_stm32f10x_hd.o(.text)
    EXTI2_IRQHandler                         0x08006f67   Thumb Code     0  startup_stm32f10x_hd.o(.text)
    EXTI3_IRQHandler                         0x08006f67   Thumb Code     0  startup_stm32f10x_hd.o(.text)
    EXTI4_IRQHandler                         0x08006f67   Thumb Code     0  startup_stm32f10x_hd.o(.text)
    EXTI9_5_IRQHandler                       0x08006f67   Thumb Code     0  startup_stm32f10x_hd.o(.text)
    FLASH_IRQHandler                         0x08006f67   Thumb Code     0  startup_stm32f10x_hd.o(.text)
    FSMC_IRQHandler                          0x08006f67   Thumb Code     0  startup_stm32f10x_hd.o(.text)
    I2C1_ER_IRQHandler                       0x08006f67   Thumb Code     0  startup_stm32f10x_hd.o(.text)
    I2C1_EV_IRQHandler                       0x08006f67   Thumb Code     0  startup_stm32f10x_hd.o(.text)
    I2C2_ER_IRQHandler                       0x08006f67   Thumb Code     0  startup_stm32f10x_hd.o(.text)
    I2C2_EV_IRQHandler                       0x08006f67   Thumb Code     0  startup_stm32f10x_hd.o(.text)
    PVD_IRQHandler                           0x08006f67   Thumb Code     0  startup_stm32f10x_hd.o(.text)
    RCC_IRQHandler                           0x08006f67   Thumb Code     0  startup_stm32f10x_hd.o(.text)
    RTCAlarm_IRQHandler                      0x08006f67   Thumb Code     0  startup_stm32f10x_hd.o(.text)
    RTC_IRQHandler                           0x08006f67   Thumb Code     0  startup_stm32f10x_hd.o(.text)
    SDIO_IRQHandler                          0x08006f67   Thumb Code     0  startup_stm32f10x_hd.o(.text)
    SPI1_IRQHandler                          0x08006f67   Thumb Code     0  startup_stm32f10x_hd.o(.text)
    SPI2_IRQHandler                          0x08006f67   Thumb Code     0  startup_stm32f10x_hd.o(.text)
    SPI3_IRQHandler                          0x08006f67   Thumb Code     0  startup_stm32f10x_hd.o(.text)
    TAMPER_IRQHandler                        0x08006f67   Thumb Code     0  startup_stm32f10x_hd.o(.text)
    TIM1_BRK_IRQHandler                      0x08006f67   Thumb Code     0  startup_stm32f10x_hd.o(.text)
    TIM1_CC_IRQHandler                       0x08006f67   Thumb Code     0  startup_stm32f10x_hd.o(.text)
    TIM1_TRG_COM_IRQHandler                  0x08006f67   Thumb Code     0  startup_stm32f10x_hd.o(.text)
    TIM1_UP_IRQHandler                       0x08006f67   Thumb Code     0  startup_stm32f10x_hd.o(.text)
    TIM2_IRQHandler                          0x08006f67   Thumb Code     0  startup_stm32f10x_hd.o(.text)
    TIM3_IRQHandler                          0x08006f67   Thumb Code     0  startup_stm32f10x_hd.o(.text)
    TIM4_IRQHandler                          0x08006f67   Thumb Code     0  startup_stm32f10x_hd.o(.text)
    TIM5_IRQHandler                          0x08006f67   Thumb Code     0  startup_stm32f10x_hd.o(.text)
    TIM6_IRQHandler                          0x08006f67   Thumb Code     0  startup_stm32f10x_hd.o(.text)
    TIM7_IRQHandler                          0x08006f67   Thumb Code     0  startup_stm32f10x_hd.o(.text)
    TIM8_BRK_IRQHandler                      0x08006f67   Thumb Code     0  startup_stm32f10x_hd.o(.text)
    TIM8_CC_IRQHandler                       0x08006f67   Thumb Code     0  startup_stm32f10x_hd.o(.text)
    TIM8_TRG_COM_IRQHandler                  0x08006f67   Thumb Code     0  startup_stm32f10x_hd.o(.text)
    TIM8_UP_IRQHandler                       0x08006f67   Thumb Code     0  startup_stm32f10x_hd.o(.text)
    UART4_IRQHandler                         0x08006f67   Thumb Code     0  startup_stm32f10x_hd.o(.text)
    UART5_IRQHandler                         0x08006f67   Thumb Code     0  startup_stm32f10x_hd.o(.text)
    USART2_IRQHandler                        0x08006f67   Thumb Code     0  startup_stm32f10x_hd.o(.text)
    USART3_IRQHandler                        0x08006f67   Thumb Code     0  startup_stm32f10x_hd.o(.text)
    USBWakeUp_IRQHandler                     0x08006f67   Thumb Code     0  startup_stm32f10x_hd.o(.text)
    USB_HP_CAN1_TX_IRQHandler                0x08006f67   Thumb Code     0  startup_stm32f10x_hd.o(.text)
    USB_LP_CAN1_RX0_IRQHandler               0x08006f67   Thumb Code     0  startup_stm32f10x_hd.o(.text)
    WWDG_IRQHandler                          0x08006f67   Thumb Code     0  startup_stm32f10x_hd.o(.text)
    __user_initial_stackheap                 0x08006f69   Thumb Code     0  startup_stm32f10x_hd.o(.text)
    NVIC_PriorityGroupConfig                 0x08006f8d   Thumb Code    10  misc.o(.text)
    NVIC_Init                                0x08006f97   Thumb Code   100  misc.o(.text)
    NVIC_SetVectorTable                      0x08006ffb   Thumb Code    14  misc.o(.text)
    NVIC_SystemLPConfig                      0x08007009   Thumb Code    34  misc.o(.text)
    SysTick_CLKSourceConfig                  0x0800702b   Thumb Code    40  misc.o(.text)
    FSMC_NORSRAMDeInit                       0x08007069   Thumb Code    54  stm32f10x_fsmc.o(.text)
    FSMC_NANDDeInit                          0x0800709f   Thumb Code    62  stm32f10x_fsmc.o(.text)
    FSMC_PCCARDDeInit                        0x080070dd   Thumb Code    36  stm32f10x_fsmc.o(.text)
    FSMC_NORSRAMInit                         0x08007101   Thumb Code   230  stm32f10x_fsmc.o(.text)
    FSMC_NANDInit                            0x080071e7   Thumb Code   132  stm32f10x_fsmc.o(.text)
    FSMC_PCCARDInit                          0x0800726b   Thumb Code   130  stm32f10x_fsmc.o(.text)
    FSMC_NORSRAMStructInit                   0x080072ed   Thumb Code   114  stm32f10x_fsmc.o(.text)
    FSMC_NANDStructInit                      0x0800735f   Thumb Code    54  stm32f10x_fsmc.o(.text)
    FSMC_PCCARDStructInit                    0x08007395   Thumb Code    60  stm32f10x_fsmc.o(.text)
    FSMC_NORSRAMCmd                          0x080073d1   Thumb Code    46  stm32f10x_fsmc.o(.text)
    FSMC_NANDCmd                             0x080073ff   Thumb Code    86  stm32f10x_fsmc.o(.text)
    FSMC_PCCARDCmd                           0x08007455   Thumb Code    44  stm32f10x_fsmc.o(.text)
    FSMC_NANDECCCmd                          0x08007481   Thumb Code    90  stm32f10x_fsmc.o(.text)
    FSMC_GetECC                              0x080074db   Thumb Code    24  stm32f10x_fsmc.o(.text)
    FSMC_ITConfig                            0x080074f3   Thumb Code   128  stm32f10x_fsmc.o(.text)
    FSMC_GetFlagStatus                       0x08007573   Thumb Code    54  stm32f10x_fsmc.o(.text)
    FSMC_ClearFlag                           0x080075a9   Thumb Code    62  stm32f10x_fsmc.o(.text)
    FSMC_GetITStatus                         0x080075e7   Thumb Code    64  stm32f10x_fsmc.o(.text)
    FSMC_ClearITPendingBit                   0x08007627   Thumb Code    68  stm32f10x_fsmc.o(.text)
    GPIO_DeInit                              0x08007675   Thumb Code   172  stm32f10x_gpio.o(.text)
    GPIO_AFIODeInit                          0x08007721   Thumb Code    20  stm32f10x_gpio.o(.text)
    GPIO_Init                                0x08007735   Thumb Code   278  stm32f10x_gpio.o(.text)
    GPIO_StructInit                          0x0800784b   Thumb Code    16  stm32f10x_gpio.o(.text)
    GPIO_ReadInputDataBit                    0x0800785b   Thumb Code    18  stm32f10x_gpio.o(.text)
    GPIO_ReadInputData                       0x0800786d   Thumb Code     8  stm32f10x_gpio.o(.text)
    GPIO_ReadOutputDataBit                   0x08007875   Thumb Code    18  stm32f10x_gpio.o(.text)
    GPIO_ReadOutputData                      0x08007887   Thumb Code     8  stm32f10x_gpio.o(.text)
    GPIO_SetBits                             0x0800788f   Thumb Code     4  stm32f10x_gpio.o(.text)
    GPIO_ResetBits                           0x08007893   Thumb Code     4  stm32f10x_gpio.o(.text)
    GPIO_WriteBit                            0x08007897   Thumb Code    10  stm32f10x_gpio.o(.text)
    GPIO_Write                               0x080078a1   Thumb Code     4  stm32f10x_gpio.o(.text)
    GPIO_PinLockConfig                       0x080078a5   Thumb Code    18  stm32f10x_gpio.o(.text)
    GPIO_EventOutputConfig                   0x080078b7   Thumb Code    26  stm32f10x_gpio.o(.text)
    GPIO_EventOutputCmd                      0x080078d1   Thumb Code     6  stm32f10x_gpio.o(.text)
    GPIO_PinRemapConfig                      0x080078d7   Thumb Code   138  stm32f10x_gpio.o(.text)
    GPIO_EXTILineConfig                      0x08007961   Thumb Code    66  stm32f10x_gpio.o(.text)
    GPIO_ETH_MediaInterfaceConfig            0x080079a3   Thumb Code     8  stm32f10x_gpio.o(.text)
    RCC_DeInit                               0x080079d1   Thumb Code    64  stm32f10x_rcc.o(.text)
    RCC_HSEConfig                            0x08007a11   Thumb Code    70  stm32f10x_rcc.o(.text)
    RCC_GetFlagStatus                        0x08007a57   Thumb Code    56  stm32f10x_rcc.o(.text)
    RCC_WaitForHSEStartUp                    0x08007a8f   Thumb Code    56  stm32f10x_rcc.o(.text)
    RCC_AdjustHSICalibrationValue            0x08007ac7   Thumb Code    20  stm32f10x_rcc.o(.text)
    RCC_HSICmd                               0x08007adb   Thumb Code     6  stm32f10x_rcc.o(.text)
    RCC_PLLConfig                            0x08007ae1   Thumb Code    24  stm32f10x_rcc.o(.text)
    RCC_PLLCmd                               0x08007af9   Thumb Code     6  stm32f10x_rcc.o(.text)
    RCC_SYSCLKConfig                         0x08007aff   Thumb Code    18  stm32f10x_rcc.o(.text)
    RCC_GetSYSCLKSource                      0x08007b11   Thumb Code    10  stm32f10x_rcc.o(.text)
    RCC_HCLKConfig                           0x08007b1b   Thumb Code    18  stm32f10x_rcc.o(.text)
    RCC_PCLK1Config                          0x08007b2d   Thumb Code    18  stm32f10x_rcc.o(.text)
    RCC_PCLK2Config                          0x08007b3f   Thumb Code    20  stm32f10x_rcc.o(.text)
    RCC_ITConfig                             0x08007b53   Thumb Code    26  stm32f10x_rcc.o(.text)
    RCC_USBCLKConfig                         0x08007b6d   Thumb Code     8  stm32f10x_rcc.o(.text)
    RCC_ADCCLKConfig                         0x08007b75   Thumb Code    18  stm32f10x_rcc.o(.text)
    RCC_LSEConfig                            0x08007b87   Thumb Code    50  stm32f10x_rcc.o(.text)
    RCC_LSICmd                               0x08007bb9   Thumb Code     6  stm32f10x_rcc.o(.text)
    RCC_RTCCLKConfig                         0x08007bbf   Thumb Code    12  stm32f10x_rcc.o(.text)
    RCC_RTCCLKCmd                            0x08007bcb   Thumb Code     8  stm32f10x_rcc.o(.text)
    RCC_GetClocksFreq                        0x08007bd3   Thumb Code   192  stm32f10x_rcc.o(.text)
    RCC_AHBPeriphClockCmd                    0x08007c93   Thumb Code    26  stm32f10x_rcc.o(.text)
    RCC_APB2PeriphClockCmd                   0x08007cad   Thumb Code    26  stm32f10x_rcc.o(.text)
    RCC_APB1PeriphClockCmd                   0x08007cc7   Thumb Code    26  stm32f10x_rcc.o(.text)
    RCC_APB2PeriphResetCmd                   0x08007ce1   Thumb Code    26  stm32f10x_rcc.o(.text)
    RCC_APB1PeriphResetCmd                   0x08007cfb   Thumb Code    26  stm32f10x_rcc.o(.text)
    RCC_BackupResetCmd                       0x08007d15   Thumb Code     8  stm32f10x_rcc.o(.text)
    RCC_ClockSecuritySystemCmd               0x08007d1d   Thumb Code     6  stm32f10x_rcc.o(.text)
    RCC_MCOConfig                            0x08007d23   Thumb Code     6  stm32f10x_rcc.o(.text)
    RCC_ClearFlag                            0x08007d29   Thumb Code    14  stm32f10x_rcc.o(.text)
    RCC_GetITStatus                          0x08007d37   Thumb Code    20  stm32f10x_rcc.o(.text)
    RCC_ClearITPendingBit                    0x08007d4b   Thumb Code     6  stm32f10x_rcc.o(.text)
    USART_DeInit                             0x08007d75   Thumb Code   134  stm32f10x_usart.o(.text)
    USART_Init                               0x08007dfb   Thumb Code   210  stm32f10x_usart.o(.text)
    USART_StructInit                         0x08007ecd   Thumb Code    24  stm32f10x_usart.o(.text)
    USART_ClockInit                          0x08007ee5   Thumb Code    34  stm32f10x_usart.o(.text)
    USART_ClockStructInit                    0x08007f07   Thumb Code    12  stm32f10x_usart.o(.text)
    USART_Cmd                                0x08007f13   Thumb Code    24  stm32f10x_usart.o(.text)
    USART_ITConfig                           0x08007f2b   Thumb Code    74  stm32f10x_usart.o(.text)
    USART_DMACmd                             0x08007f75   Thumb Code    18  stm32f10x_usart.o(.text)
    USART_SetAddress                         0x08007f87   Thumb Code    18  stm32f10x_usart.o(.text)
    USART_WakeUpConfig                       0x08007f99   Thumb Code    18  stm32f10x_usart.o(.text)
    USART_ReceiverWakeUpCmd                  0x08007fab   Thumb Code    24  stm32f10x_usart.o(.text)
    USART_LINBreakDetectLengthConfig         0x08007fc3   Thumb Code    18  stm32f10x_usart.o(.text)
    USART_LINCmd                             0x08007fd5   Thumb Code    24  stm32f10x_usart.o(.text)
    USART_SendData                           0x08007fed   Thumb Code     8  stm32f10x_usart.o(.text)
    USART_ReceiveData                        0x08007ff5   Thumb Code    10  stm32f10x_usart.o(.text)
    USART_SendBreak                          0x08007fff   Thumb Code    10  stm32f10x_usart.o(.text)
    USART_SetGuardTime                       0x08008009   Thumb Code    16  stm32f10x_usart.o(.text)
    USART_SetPrescaler                       0x08008019   Thumb Code    16  stm32f10x_usart.o(.text)
    USART_SmartCardCmd                       0x08008029   Thumb Code    24  stm32f10x_usart.o(.text)
    USART_SmartCardNACKCmd                   0x08008041   Thumb Code    24  stm32f10x_usart.o(.text)
    USART_HalfDuplexCmd                      0x08008059   Thumb Code    24  stm32f10x_usart.o(.text)
    USART_OverSampling8Cmd                   0x08008071   Thumb Code    22  stm32f10x_usart.o(.text)
    USART_OneBitMethodCmd                    0x08008087   Thumb Code    24  stm32f10x_usart.o(.text)
    USART_IrDAConfig                         0x0800809f   Thumb Code    18  stm32f10x_usart.o(.text)
    USART_IrDACmd                            0x080080b1   Thumb Code    24  stm32f10x_usart.o(.text)
    USART_GetFlagStatus                      0x080080c9   Thumb Code    26  stm32f10x_usart.o(.text)
    USART_ClearFlag                          0x080080e3   Thumb Code    18  stm32f10x_usart.o(.text)
    USART_GetITStatus                        0x080080f5   Thumb Code    84  stm32f10x_usart.o(.text)
    USART_ClearITPendingBit                  0x08008149   Thumb Code    52  stm32f10x_usart.o(.text)
    TIM_DeInit                               0x0800817d   Thumb Code   424  stm32f10x_tim.o(.text)
    TIM_TimeBaseInit                         0x08008325   Thumb Code   122  stm32f10x_tim.o(.text)
    TIM_OC1Init                              0x0800839f   Thumb Code   132  stm32f10x_tim.o(.text)
    TIM_OC2Init                              0x08008423   Thumb Code   154  stm32f10x_tim.o(.text)
    TIM_OC3Init                              0x080084bd   Thumb Code   150  stm32f10x_tim.o(.text)
    TIM_OC4Init                              0x08008553   Thumb Code   182  stm32f10x_tim.o(.text)
    TIM_SetIC4Prescaler                      0x08008609   Thumb Code    26  stm32f10x_tim.o(.text)
    TIM_SetIC3Prescaler                      0x080086a5   Thumb Code    18  stm32f10x_tim.o(.text)
    TIM_SetIC2Prescaler                      0x08008731   Thumb Code    26  stm32f10x_tim.o(.text)
    TIM_SetIC1Prescaler                      0x080087cd   Thumb Code    18  stm32f10x_tim.o(.text)
    TIM_ICInit                               0x0800884b   Thumb Code   150  stm32f10x_tim.o(.text)
    TIM_PWMIConfig                           0x080088e1   Thumb Code   124  stm32f10x_tim.o(.text)
    TIM_BDTRConfig                           0x0800895d   Thumb Code    32  stm32f10x_tim.o(.text)
    TIM_TimeBaseStructInit                   0x0800897d   Thumb Code    18  stm32f10x_tim.o(.text)
    TIM_OCStructInit                         0x0800898f   Thumb Code    20  stm32f10x_tim.o(.text)
    TIM_ICStructInit                         0x080089a3   Thumb Code    18  stm32f10x_tim.o(.text)
    TIM_BDTRStructInit                       0x080089b5   Thumb Code    40  stm32f10x_tim.o(.text)
    TIM_Cmd                                  0x080089dd   Thumb Code    24  stm32f10x_tim.o(.text)
    TIM_CtrlPWMOutputs                       0x080089f5   Thumb Code    30  stm32f10x_tim.o(.text)
    TIM_ITConfig                             0x08008a13   Thumb Code    18  stm32f10x_tim.o(.text)
    TIM_GenerateEvent                        0x08008a25   Thumb Code     4  stm32f10x_tim.o(.text)
    TIM_DMAConfig                            0x08008a29   Thumb Code    10  stm32f10x_tim.o(.text)
    TIM_DMACmd                               0x08008a33   Thumb Code    18  stm32f10x_tim.o(.text)
    TIM_InternalClockConfig                  0x08008a45   Thumb Code    12  stm32f10x_tim.o(.text)
    TIM_SelectInputTrigger                   0x08008a51   Thumb Code    18  stm32f10x_tim.o(.text)
    TIM_ITRxExternalClockConfig              0x08008a63   Thumb Code    24  stm32f10x_tim.o(.text)
    TIM_TIxExternalClockConfig               0x08008a7b   Thumb Code    62  stm32f10x_tim.o(.text)
    TIM_ETRConfig                            0x08008ab9   Thumb Code    28  stm32f10x_tim.o(.text)
    TIM_ETRClockMode1Config                  0x08008ad5   Thumb Code    54  stm32f10x_tim.o(.text)
    TIM_ETRClockMode2Config                  0x08008b0b   Thumb Code    32  stm32f10x_tim.o(.text)
    TIM_PrescalerConfig                      0x08008b2b   Thumb Code     6  stm32f10x_tim.o(.text)
    TIM_CounterModeConfig                    0x08008b31   Thumb Code    18  stm32f10x_tim.o(.text)
    TIM_EncoderInterfaceConfig               0x08008b43   Thumb Code    66  stm32f10x_tim.o(.text)
    TIM_ForcedOC1Config                      0x08008b85   Thumb Code    18  stm32f10x_tim.o(.text)
    TIM_ForcedOC2Config                      0x08008b97   Thumb Code    26  stm32f10x_tim.o(.text)
    TIM_ForcedOC3Config                      0x08008bb1   Thumb Code    18  stm32f10x_tim.o(.text)
    TIM_ForcedOC4Config                      0x08008bc3   Thumb Code    26  stm32f10x_tim.o(.text)
    TIM_ARRPreloadConfig                     0x08008bdd   Thumb Code    24  stm32f10x_tim.o(.text)
    TIM_SelectCOM                            0x08008bf5   Thumb Code    24  stm32f10x_tim.o(.text)
    TIM_SelectCCDMA                          0x08008c0d   Thumb Code    24  stm32f10x_tim.o(.text)
    TIM_CCPreloadControl                     0x08008c25   Thumb Code    24  stm32f10x_tim.o(.text)
    TIM_OC1PreloadConfig                     0x08008c3d   Thumb Code    18  stm32f10x_tim.o(.text)
    TIM_OC2PreloadConfig                     0x08008c4f   Thumb Code    26  stm32f10x_tim.o(.text)
    TIM_OC3PreloadConfig                     0x08008c69   Thumb Code    18  stm32f10x_tim.o(.text)
    TIM_OC4PreloadConfig                     0x08008c7b   Thumb Code    26  stm32f10x_tim.o(.text)
    TIM_OC1FastConfig                        0x08008c95   Thumb Code    18  stm32f10x_tim.o(.text)
    TIM_OC2FastConfig                        0x08008ca7   Thumb Code    26  stm32f10x_tim.o(.text)
    TIM_OC3FastConfig                        0x08008cc1   Thumb Code    18  stm32f10x_tim.o(.text)
    TIM_OC4FastConfig                        0x08008cd3   Thumb Code    26  stm32f10x_tim.o(.text)
    TIM_ClearOC1Ref                          0x08008ced   Thumb Code    18  stm32f10x_tim.o(.text)
    TIM_ClearOC2Ref                          0x08008cff   Thumb Code    24  stm32f10x_tim.o(.text)
    TIM_ClearOC3Ref                          0x08008d17   Thumb Code    18  stm32f10x_tim.o(.text)
    TIM_ClearOC4Ref                          0x08008d29   Thumb Code    24  stm32f10x_tim.o(.text)
    TIM_OC1PolarityConfig                    0x08008d41   Thumb Code    18  stm32f10x_tim.o(.text)
    TIM_OC1NPolarityConfig                   0x08008d53   Thumb Code    18  stm32f10x_tim.o(.text)
    TIM_OC2PolarityConfig                    0x08008d65   Thumb Code    26  stm32f10x_tim.o(.text)
    TIM_OC2NPolarityConfig                   0x08008d7f   Thumb Code    26  stm32f10x_tim.o(.text)
    TIM_OC3PolarityConfig                    0x08008d99   Thumb Code    26  stm32f10x_tim.o(.text)
    TIM_OC3NPolarityConfig                   0x08008db3   Thumb Code    26  stm32f10x_tim.o(.text)
    TIM_OC4PolarityConfig                    0x08008dcd   Thumb Code    26  stm32f10x_tim.o(.text)
    TIM_CCxCmd                               0x08008de7   Thumb Code    30  stm32f10x_tim.o(.text)
    TIM_CCxNCmd                              0x08008e05   Thumb Code    30  stm32f10x_tim.o(.text)
    TIM_SelectOCxM                           0x08008e23   Thumb Code    82  stm32f10x_tim.o(.text)
    TIM_UpdateDisableConfig                  0x08008e75   Thumb Code    24  stm32f10x_tim.o(.text)
    TIM_UpdateRequestConfig                  0x08008e8d   Thumb Code    24  stm32f10x_tim.o(.text)
    TIM_SelectHallSensor                     0x08008ea5   Thumb Code    24  stm32f10x_tim.o(.text)
    TIM_SelectOnePulseMode                   0x08008ebd   Thumb Code    18  stm32f10x_tim.o(.text)
    TIM_SelectOutputTrigger                  0x08008ecf   Thumb Code    18  stm32f10x_tim.o(.text)
    TIM_SelectSlaveMode                      0x08008ee1   Thumb Code    18  stm32f10x_tim.o(.text)
    TIM_SelectMasterSlaveMode                0x08008ef3   Thumb Code    18  stm32f10x_tim.o(.text)
    TIM_SetCounter                           0x08008f05   Thumb Code     4  stm32f10x_tim.o(.text)
    TIM_SetAutoreload                        0x08008f09   Thumb Code     4  stm32f10x_tim.o(.text)
    TIM_SetCompare1                          0x08008f0d   Thumb Code     4  stm32f10x_tim.o(.text)
    TIM_SetCompare2                          0x08008f11   Thumb Code     4  stm32f10x_tim.o(.text)
    TIM_SetCompare3                          0x08008f15   Thumb Code     4  stm32f10x_tim.o(.text)
    TIM_SetCompare4                          0x08008f19   Thumb Code     6  stm32f10x_tim.o(.text)
    TIM_SetClockDivision                     0x08008f1f   Thumb Code    18  stm32f10x_tim.o(.text)
    TIM_GetCapture1                          0x08008f31   Thumb Code     6  stm32f10x_tim.o(.text)
    TIM_GetCapture2                          0x08008f37   Thumb Code     6  stm32f10x_tim.o(.text)
    TIM_GetCapture3                          0x08008f3d   Thumb Code     6  stm32f10x_tim.o(.text)
    TIM_GetCapture4                          0x08008f43   Thumb Code     8  stm32f10x_tim.o(.text)
    TIM_GetCounter                           0x08008f4b   Thumb Code     6  stm32f10x_tim.o(.text)
    TIM_GetPrescaler                         0x08008f51   Thumb Code     6  stm32f10x_tim.o(.text)
    TIM_GetFlagStatus                        0x08008f57   Thumb Code    18  stm32f10x_tim.o(.text)
    TIM_ClearFlag                            0x08008f69   Thumb Code     6  stm32f10x_tim.o(.text)
    TIM_GetITStatus                          0x08008f6f   Thumb Code    34  stm32f10x_tim.o(.text)
    TIM_ClearITPendingBit                    0x08008f91   Thumb Code     6  stm32f10x_tim.o(.text)
    OS_TaskStatStkChk                        0x08008f99   Thumb Code    54  os_core.o(.text)
    OS_TaskStat                              0x08008fcf   Thumb Code   116  os_core.o(.text)
    OS_TaskIdle                              0x08009077   Thumb Code    34  os_core.o(.text)
    OS_MemClr                                0x080090cd   Thumb Code    18  os_core.o(.text)
    OSInit                                   0x080091eb   Thumb Code    48  os_core.o(.text)
    OSIntEnter                               0x0800921b   Thumb Code    28  os_core.o(.text)
    OSIntExit                                0x08009251   Thumb Code   112  os_core.o(.text)
    OSSchedLock                              0x080092c1   Thumb Code    50  os_core.o(.text)
    OS_Sched                                 0x080092f3   Thumb Code    88  os_core.o(.text)
    OSSchedUnlock                            0x0800934b   Thumb Code   238  os_core.o(.text)
    OSStart                                  0x08009439   Thumb Code    48  os_core.o(.text)
    OSStatInit                               0x08009469   Thumb Code    62  os_core.o(.text)
    OSTimeTick                               0x080094a7   Thumb Code   210  os_core.o(.text)
    OSVersion                                0x08009579   Thumb Code     6  os_core.o(.text)
    OS_Dummy                                 0x0800957f   Thumb Code     2  os_core.o(.text)
    OS_EventTaskRemove                       0x08009581   Thumb Code    42  os_core.o(.text)
    OS_EventTaskRdy                          0x080095ab   Thumb Code   114  os_core.o(.text)
    OS_EventTaskWait                         0x0800961d   Thumb Code   112  os_core.o(.text)
    OS_EventWaitListInit                     0x0800968d   Thumb Code    28  os_core.o(.text)
    OS_MemCopy                               0x080096a9   Thumb Code    20  os_core.o(.text)
    OS_StrLen                                0x080096bd   Thumb Code    20  os_core.o(.text)
    OS_TCBInit                               0x080096d1   Thumb Code   280  os_core.o(.text)
    OSFlagAccept                             0x0800982d   Thumb Code   252  os_flag.o(.text)
    OSFlagCreate                             0x08009929   Thumb Code    86  os_flag.o(.text)
    OS_FlagUnlink                            0x0800997f   Thumb Code    36  os_flag.o(.text)
    OSFlagDel                                0x080099f5   Thumb Code   214  os_flag.o(.text)
    OSFlagNameGet                            0x08009acb   Thumb Code    80  os_flag.o(.text)
    OSFlagNameSet                            0x08009b1b   Thumb Code    66  os_flag.o(.text)
    OSFlagPend                               0x08009bf5   Thumb Code   614  os_flag.o(.text)
    OSFlagPendGetFlagsRdy                    0x08009e5b   Thumb Code    26  os_flag.o(.text)
    OSFlagPost                               0x08009e75   Thumb Code   312  os_flag.o(.text)
    OSFlagQuery                              0x08009fad   Thumb Code    48  os_flag.o(.text)
    OS_FlagInit                              0x08009fdd   Thumb Code    78  os_flag.o(.text)
    OSMboxAccept                             0x0800a039   Thumb Code    38  os_mbox.o(.text)
    OSMboxCreate                             0x0800a05f   Thumb Code    68  os_mbox.o(.text)
    OSMboxDel                                0x0800a0a3   Thumb Code   200  os_mbox.o(.text)
    OSMboxPend                               0x0800a16b   Thumb Code   246  os_mbox.o(.text)
    OSMboxPendAbort                          0x0800a261   Thumb Code   128  os_mbox.o(.text)
    OSMboxPost                               0x0800a2e1   Thumb Code    80  os_mbox.o(.text)
    OSMboxPostOpt                            0x0800a331   Thumb Code   120  os_mbox.o(.text)
    OSMboxQuery                              0x0800a3a9   Thumb Code    76  os_mbox.o(.text)
    OSQAccept                                0x0800a405   Thumb Code    88  os_q.o(.text)
    OSQCreate                                0x0800a45d   Thumb Code   140  os_q.o(.text)
    OSQDel                                   0x0800a4e9   Thumb Code   236  os_q.o(.text)
    OSQFlush                                 0x0800a5d5   Thumb Code    36  os_q.o(.text)
    OSQPend                                  0x0800a5f9   Thumb Code   272  os_q.o(.text)
    OSQPendAbort                             0x0800a709   Thumb Code   128  os_q.o(.text)
    OSQPost                                  0x0800a789   Thumb Code   114  os_q.o(.text)
    OSQPostFront                             0x0800a7fb   Thumb Code   136  os_q.o(.text)
    OSQPostOpt                               0x0800a883   Thumb Code   182  os_q.o(.text)
    OSQQuery                                 0x0800a939   Thumb Code    98  os_q.o(.text)
    OS_QInit                                 0x0800a99b   Thumb Code    72  os_q.o(.text)
    OSSemAccept                              0x0800a9ed   Thumb Code    42  os_sem.o(.text)
    OSSemCreate                              0x0800aa17   Thumb Code    68  os_sem.o(.text)
    OSSemDel                                 0x0800aa5b   Thumb Code   200  os_sem.o(.text)
    OSSemPend                                0x0800ab23   Thumb Code   222  os_sem.o(.text)
    OSSemPendAbort                           0x0800ac01   Thumb Code   128  os_sem.o(.text)
    OSSemPost                                0x0800ac81   Thumb Code    88  os_sem.o(.text)
    OSSemQuery                               0x0800acd9   Thumb Code    76  os_sem.o(.text)
    OSSemSet                                 0x0800ad25   Thumb Code    66  os_sem.o(.text)
    OSTaskChangePrio                         0x0800ad79   Thumb Code   308  os_task.o(.text)
    OSTaskCreate                             0x0800aead   Thumb Code   148  os_task.o(.text)
    OS_TaskStkClr                            0x0800af41   Thumb Code    26  os_task.o(.text)
    OSTaskCreateExt                          0x0800af5b   Thumb Code   170  os_task.o(.text)
    OSTaskDel                                0x0800b005   Thumb Code   294  os_task.o(.text)
    OSTaskDelReq                             0x0800b12b   Thumb Code   144  os_task.o(.text)
    OSTaskNameGet                            0x0800b1bb   Thumb Code   114  os_task.o(.text)
    OSTaskNameSet                            0x0800b22d   Thumb Code    98  os_task.o(.text)
    OSTaskResume                             0x0800b28f   Thumb Code   154  os_task.o(.text)
    OSTaskStkChk                             0x0800b329   Thumb Code   132  os_task.o(.text)
    OSTaskSuspend                            0x0800b3ad   Thumb Code   152  os_task.o(.text)
    OSTaskQuery                              0x0800b445   Thumb Code    82  os_task.o(.text)
    OSTaskRegGet                             0x0800b497   Thumb Code    60  os_task.o(.text)
    OSTaskRegSet                             0x0800b4d3   Thumb Code    62  os_task.o(.text)
    OS_TaskReturn                            0x0800b511   Thumb Code    18  os_task.o(.text)
    OSTimeDly                                0x0800b53d   Thumb Code   100  os_time.o(.text)
    OSTimeDlyHMSM                            0x0800b5a1   Thumb Code    86  os_time.o(.text)
    OSTimeDlyResume                          0x0800b5f7   Thumb Code   168  os_time.o(.text)
    OSTimeGet                                0x0800b69f   Thumb Code    24  os_time.o(.text)
    OSTimeSet                                0x0800b6b7   Thumb Code    24  os_time.o(.text)
    OSTmrCreate                              0x0800b71f   Thumb Code    96  os_tmr.o(.text)
    OSTmrDel                                 0x0800b7f7   Thumb Code   124  os_tmr.o(.text)
    OSTmrNameGet                             0x0800b873   Thumb Code   114  os_tmr.o(.text)
    OSTmrRemainGet                           0x0800b8e5   Thumb Code   164  os_tmr.o(.text)
    OSTmrStateGet                            0x0800b989   Thumb Code    86  os_tmr.o(.text)
    OSTmrStart                               0x0800ba43   Thumb Code   128  os_tmr.o(.text)
    OSTmrStop                                0x0800bac3   Thumb Code   210  os_tmr.o(.text)
    OSTmrSignal                              0x0800bb95   Thumb Code    16  os_tmr.o(.text)
    OSTmr_Init                               0x0800bc49   Thumb Code   152  os_tmr.o(.text)
    OS_CPU_SR_Save                           0x0800bd21   Thumb Code     0  os_cpu_a.o(.text)
    OS_CPU_SR_Restore                        0x0800bd29   Thumb Code     0  os_cpu_a.o(.text)
    OSStartHighRdy                           0x0800bd2f   Thumb Code     0  os_cpu_a.o(.text)
    OSCtxSw                                  0x0800bd51   Thumb Code     0  os_cpu_a.o(.text)
    OSIntCtxSw                               0x0800bd5f   Thumb Code     0  os_cpu_a.o(.text)
    PendSV_Handler                           0x0800bd6f   Thumb Code     0  os_cpu_a.o(.text)
    OSInitHookBegin                          0x0800bdd5   Thumb Code     8  os_cpu_c.o(.text)
    OSInitHookEnd                            0x0800bddd   Thumb Code     2  os_cpu_c.o(.text)
    OSTaskCreateHook                         0x0800bddf   Thumb Code     2  os_cpu_c.o(.text)
    OSTaskDelHook                            0x0800bde1   Thumb Code     2  os_cpu_c.o(.text)
    OSTaskIdleHook                           0x0800bde3   Thumb Code     2  os_cpu_c.o(.text)
    OSTaskStatHook                           0x0800bde5   Thumb Code     2  os_cpu_c.o(.text)
    OSTaskStkInit                            0x0800bde7   Thumb Code   154  os_cpu_c.o(.text)
    OSTaskSwHook                             0x0800be81   Thumb Code     2  os_cpu_c.o(.text)
    OSTCBInitHook                            0x0800be83   Thumb Code     2  os_cpu_c.o(.text)
    OSTimeTickHook                           0x0800be85   Thumb Code    30  os_cpu_c.o(.text)
    OSTaskReturnHook                         0x0800bea3   Thumb Code     2  os_cpu_c.o(.text)
    __use_no_semihosting                     0x0800bea9   Thumb Code     2  use_no_semi_2.o(.text)
    __2printf                                0x0800bead   Thumb Code    20  noretval__2printf.o(.text)
    __2sprintf                               0x0800bec5   Thumb Code    34  noretval__2sprintf.o(.text)
    _printf_pre_padding                      0x0800beed   Thumb Code    44  _printf_pad.o(.text)
    _printf_post_padding                     0x0800bf19   Thumb Code    34  _printf_pad.o(.text)
    _printf_str                              0x0800bf3b   Thumb Code    82  _printf_str.o(.text)
    _printf_int_dec                          0x0800bf8d   Thumb Code   104  _printf_dec.o(.text)
    _printf_int_hex                          0x0800c005   Thumb Code    84  _printf_hex_int.o(.text)
    _printf_longlong_hex                     0x0800c005   Thumb Code     0  _printf_hex_int.o(.text)
    __printf                                 0x0800c05d   Thumb Code   308  __printf_flags_wp.o(.text)
    strcmp                                   0x0800c195   Thumb Code   128  strcmpv7m.o(.text)
    __use_two_region_memory                  0x0800c215   Thumb Code     2  heapauxi.o(.text)
    __rt_heap_escrow$2region                 0x0800c217   Thumb Code     2  heapauxi.o(.text)
    __rt_heap_expand$2region                 0x0800c219   Thumb Code     2  heapauxi.o(.text)
    __I$use$semihosting                      0x0800c21b   Thumb Code     0  use_no_semi.o(.text)
    __use_no_semihosting_swi                 0x0800c21b   Thumb Code     2  use_no_semi.o(.text)
    __read_errno                             0x0800c21d   Thumb Code    10  _rserrno.o(.text)
    __set_errno                              0x0800c227   Thumb Code    12  _rserrno.o(.text)
    _printf_int_common                       0x0800c233   Thumb Code   178  _printf_intcommon.o(.text)
    _printf_char_common                      0x0800c2ef   Thumb Code    32  _printf_char_common.o(.text)
    _sputc                                   0x0800c315   Thumb Code    10  _sputc.o(.text)
    _printf_cs_common                        0x0800c31f   Thumb Code    20  _printf_char.o(.text)
    _printf_char                             0x0800c333   Thumb Code    16  _printf_char.o(.text)
    _printf_string                           0x0800c343   Thumb Code     8  _printf_char.o(.text)
    _printf_char_file                        0x0800c34d   Thumb Code    32  _printf_char_file.o(.text)
    __aeabi_errno_addr                       0x0800c371   Thumb Code     8  rt_errno_addr_intlibspace.o(.text)
    __errno$intlibspace                      0x0800c371   Thumb Code     0  rt_errno_addr_intlibspace.o(.text)
    __rt_errno_addr$intlibspace              0x0800c371   Thumb Code     0  rt_errno_addr_intlibspace.o(.text)
    ferror                                   0x0800c379   Thumb Code     8  ferror.o(.text)
    __user_libspace                          0x0800c381   Thumb Code     8  libspace.o(.text)
    __user_perproc_libspace                  0x0800c381   Thumb Code     0  libspace.o(.text)
    __user_perthread_libspace                0x0800c381   Thumb Code     0  libspace.o(.text)
    __user_setup_stackheap                   0x0800c389   Thumb Code    74  sys_stackheap_outer.o(.text)
    exit                                     0x0800c3d3   Thumb Code    18  exit.o(.text)
    _is_digit                                0x0800c3e5   Thumb Code    14  __printf_wp.o(i._is_digit)
    sqrt                                     0x0800c3f3   Thumb Code    76  sqrt.o(i.sqrt)
    __aeabi_dadd                             0x0800c441   Thumb Code     0  daddsub_clz.o(x$fpl$dadd)
    _dadd                                    0x0800c441   Thumb Code   332  daddsub_clz.o(x$fpl$dadd)
    __fpl_dcmp_Inf                           0x0800c591   Thumb Code    24  dcmpi.o(x$fpl$dcmpinf)
    __aeabi_d2uiz                            0x0800c5a9   Thumb Code     0  dfixu.o(x$fpl$dfixu)
    _dfixu                                   0x0800c5a9   Thumb Code    90  dfixu.o(x$fpl$dfixu)
    __aeabi_i2d                              0x0800c603   Thumb Code     0  dflt_clz.o(x$fpl$dflt)
    _dflt                                    0x0800c603   Thumb Code    46  dflt_clz.o(x$fpl$dflt)
    __aeabi_ui2d                             0x0800c631   Thumb Code     0  dflt_clz.o(x$fpl$dfltu)
    _dfltu                                   0x0800c631   Thumb Code    38  dflt_clz.o(x$fpl$dfltu)
    __aeabi_cdcmple                          0x0800c659   Thumb Code     0  dleqf.o(x$fpl$dleqf)
    _dcmple                                  0x0800c659   Thumb Code   120  dleqf.o(x$fpl$dleqf)
    __fpl_dcmple_InfNaN                      0x0800c6bb   Thumb Code     0  dleqf.o(x$fpl$dleqf)
    __aeabi_dmul                             0x0800c6d1   Thumb Code     0  dmul.o(x$fpl$dmul)
    _dmul                                    0x0800c6d1   Thumb Code   332  dmul.o(x$fpl$dmul)
    __fpl_dnaninf                            0x0800c825   Thumb Code   156  dnaninf.o(x$fpl$dnaninf)
    __fpl_dretinf                            0x0800c8c1   Thumb Code    12  dretinf.o(x$fpl$dretinf)
    __aeabi_cdrcmple                         0x0800c8cd   Thumb Code     0  drleqf.o(x$fpl$drleqf)
    _drcmple                                 0x0800c8cd   Thumb Code   108  drleqf.o(x$fpl$drleqf)
    __aeabi_drsub                            0x0800c939   Thumb Code     0  daddsub_clz.o(x$fpl$drsb)
    _drsb                                    0x0800c939   Thumb Code    22  daddsub_clz.o(x$fpl$drsb)
    _dsqrt                                   0x0800c951   Thumb Code   456  dsqrt_noumaal.o(x$fpl$dsqrt)
    __aeabi_dsub                             0x0800cb1d   Thumb Code     0  daddsub_clz.o(x$fpl$dsub)
    _dsub                                    0x0800cb1d   Thumb Code   464  daddsub_clz.o(x$fpl$dsub)
    __aeabi_f2d                              0x0800ccf1   Thumb Code     0  f2d.o(x$fpl$f2d)
    _f2d                                     0x0800ccf1   Thumb Code    86  f2d.o(x$fpl$f2d)
    __aeabi_fadd                             0x0800cd49   Thumb Code     0  faddsub_clz.o(x$fpl$fadd)
    _fadd                                    0x0800cd49   Thumb Code   196  faddsub_clz.o(x$fpl$fadd)
    __aeabi_fdiv                             0x0800ce0d   Thumb Code     0  fdiv.o(x$fpl$fdiv)
    _fdiv                                    0x0800ce0d   Thumb Code   384  fdiv.o(x$fpl$fdiv)
    __aeabi_f2iz                             0x0800cf91   Thumb Code     0  ffix.o(x$fpl$ffix)
    _ffix                                    0x0800cf91   Thumb Code    54  ffix.o(x$fpl$ffix)
    __aeabi_f2uiz                            0x0800cfc9   Thumb Code     0  ffixu.o(x$fpl$ffixu)
    _ffixu                                   0x0800cfc9   Thumb Code    62  ffixu.o(x$fpl$ffixu)
    __aeabi_i2f                              0x0800d009   Thumb Code     0  fflt_clz.o(x$fpl$fflt)
    _fflt                                    0x0800d009   Thumb Code    48  fflt_clz.o(x$fpl$fflt)
    __aeabi_ui2f                             0x0800d039   Thumb Code     0  fflt_clz.o(x$fpl$ffltu)
    _ffltu                                   0x0800d039   Thumb Code    38  fflt_clz.o(x$fpl$ffltu)
    __aeabi_fmul                             0x0800d061   Thumb Code     0  fmul.o(x$fpl$fmul)
    _fmul                                    0x0800d061   Thumb Code   258  fmul.o(x$fpl$fmul)
    __fpl_fnaninf                            0x0800d163   Thumb Code   140  fnaninf.o(x$fpl$fnaninf)
    __fpl_fretinf                            0x0800d1ef   Thumb Code    10  fretinf.o(x$fpl$fretinf)
    __aeabi_fsub                             0x0800d1f9   Thumb Code     0  faddsub_clz.o(x$fpl$fsub)
    _fsub                                    0x0800d1f9   Thumb Code   234  faddsub_clz.o(x$fpl$fsub)
    __I$use$fp                               0x0800d2e2   Number         0  usenofp.o(x$fpl$usenofp)
    asc2_1206                                0x0800d2e2   Data        1140  lcd.o(.constdata)
    asc2_1608                                0x0800d756   Data        1520  lcd.o(.constdata)
    asc2_2412                                0x0800dd46   Data        3420  lcd.o(.constdata)
    TP_REMIND_MSG_TBL                        0x0800eaa4   Data           4  touch.o(.constdata)
    OTT_TPX_TBL                              0x0800eaa8   Data          10  ott2001a.o(.constdata)
    FT5206_TPX_TBL                           0x0800eab2   Data          10  ft5206.o(.constdata)
    GT911_TPX_TBL                            0x0800eabc   Data          10  ft5206.o(.constdata)
    GT9147_CFG_TBL                           0x0800eac6   Data         184  gt9147.o(.constdata)
    GT9147_TPX_TBL                           0x0800eb7e   Data          10  gt9147.o(.constdata)
    memtblsize                               0x0800eb88   Data           8  malloc.o(.constdata)
    memblksize                               0x0800eb90   Data           8  malloc.o(.constdata)
    memsize                                  0x0800eb98   Data           8  malloc.o(.constdata)
    OSUnMapTbl                               0x0800eba0   Data         256  os_core.o(.constdata)
    Region$$Table$$Base                      0x0800ed58   Number         0  anon$$obj.o(Region$$Table)
    Region$$Table$$Limit                     0x0800ed78   Number         0  anon$$obj.o(Region$$Table)
    msg_key                                  0x20000000   Data           4  main.o(.data)
    q_msg                                    0x20000004   Data           4  main.o(.data)
    tmr1                                     0x20000008   Data           4  main.o(.data)
    tmr2                                     0x2000000c   Data           4  main.o(.data)
    tmr3                                     0x20000010   Data           4  main.o(.data)
    flags_key                                0x20000014   Data           4  main.o(.data)
    SystemCoreClock                          0x20000020   Data           4  system_stm32f10x.o(.data)
    AHBPrescTable                            0x20000024   Data          16  system_stm32f10x.o(.data)
    POINT_COLOR                              0x20000036   Data           2  lcd.o(.data)
    BACK_COLOR                               0x20000038   Data           2  lcd.o(.data)
    tp_dev                                   0x2000003c   Data          52  touch.o(.data)
    CMD_RDX                                  0x20000070   Data           1  touch.o(.data)
    CMD_RDY                                  0x20000071   Data           1  touch.o(.data)
    CIP                                      0x20000073   Data           5  ft5206.o(.data)
    g_gt_tnum                                0x20000078   Data           1  ft5206.o(.data)
    tpad_default_val                         0x2000007c   Data           2  tpad.o(.data)
    __stdout                                 0x20000084   Data           4  usart.o(.data)
    USART_RX_STA                             0x20000088   Data           2  usart.o(.data)
    mallco_dev                               0x2000008c   Data          28  malloc.o(.data)
    OSCtxSwCtr                               0x200000bc   Data           4  os_core.o(.data)
    OSEventFreeList                          0x200000c0   Data           4  os_core.o(.data)
    OSFlagFreeList                           0x200000c4   Data           4  os_core.o(.data)
    OSCPUUsage                               0x200000c8   Data           1  os_core.o(.data)
    OSIdleCtrMax                             0x200000cc   Data           4  os_core.o(.data)
    OSIdleCtrRun                             0x200000d0   Data           4  os_core.o(.data)
    OSStatRdy                                0x200000d4   Data           1  os_core.o(.data)
    OSIntNesting                             0x200000d5   Data           1  os_core.o(.data)
    OSLockNesting                            0x200000d6   Data           1  os_core.o(.data)
    OSPrioCur                                0x200000d7   Data           1  os_core.o(.data)
    OSPrioHighRdy                            0x200000d8   Data           1  os_core.o(.data)
    OSRdyGrp                                 0x200000d9   Data           1  os_core.o(.data)
    OSRdyTbl                                 0x200000da   Data           8  os_core.o(.data)
    OSRunning                                0x200000e2   Data           1  os_core.o(.data)
    OSTaskCtr                                0x200000e3   Data           1  os_core.o(.data)
    OSIdleCtr                                0x200000e4   Data           4  os_core.o(.data)
    OSTCBCur                                 0x200000e8   Data           4  os_core.o(.data)
    OSTCBFreeList                            0x200000ec   Data           4  os_core.o(.data)
    OSTCBHighRdy                             0x200000f0   Data           4  os_core.o(.data)
    OSTCBList                                0x200000f4   Data           4  os_core.o(.data)
    OSTickStepState                          0x200000f8   Data           1  os_core.o(.data)
    OSQFreeList                              0x200000fc   Data           4  os_core.o(.data)
    OSTime                                   0x20000100   Data           4  os_core.o(.data)
    OSTmrFree                                0x20000104   Data           2  os_core.o(.data)
    OSTmrUsed                                0x20000106   Data           2  os_core.o(.data)
    OSTmrTime                                0x20000108   Data           4  os_core.o(.data)
    OSTmrSem                                 0x2000010c   Data           4  os_core.o(.data)
    OSTmrSemSignal                           0x20000110   Data           4  os_core.o(.data)
    OSTmrFreeList                            0x20000114   Data           4  os_core.o(.data)
    OSInterrputSum                           0x20000118   Data           4  os_cpu_c.o(.data)
    START_TASK_STK                           0x20000120   Data         256  main.o(.bss)
    LED_TASK_STK                             0x20000220   Data         256  main.o(.bss)
    TOUCH_TASK_STK                           0x20000320   Data         512  main.o(.bss)
    QMSGSHOW_TASK_STK                        0x20000520   Data         512  main.o(.bss)
    MAIN_TASK_STK                            0x20000720   Data         512  main.o(.bss)
    FLAGS_TASK_STK                           0x20000920   Data         512  main.o(.bss)
    KEY_TASK_STK                             0x20000b20   Data         512  main.o(.bss)
    MsgGrp                                   0x20000d20   Data        1024  main.o(.bss)
    lcddev                                   0x20001120   Data          14  lcd.o(.bss)
    USART_RX_BUF                             0x2000112e   Data         200  usart.o(.bss)
    mem1base                                 0x20001200   Data       40960  malloc.o(.bss)
    mem1mapbase                              0x2000b200   Data        2560  malloc.o(.bss)
    OSEventTbl                               0x2000bc00   Data         200  os_core.o(.bss)
    OSFlagTbl                                0x2000bcc8   Data          80  os_core.o(.bss)
    OSTaskStatStk                            0x2000bd18   Data         512  os_core.o(.bss)
    OSTaskIdleStk                            0x2000bf18   Data         512  os_core.o(.bss)
    OSTCBPrioTbl                             0x2000c118   Data         256  os_core.o(.bss)
    OSTCBTbl                                 0x2000c218   Data        1008  os_core.o(.bss)
    OSQTbl                                   0x2000c608   Data         120  os_core.o(.bss)
    OSTmrTbl                                 0x2000c680   Data         640  os_core.o(.bss)
    OSTmrTaskStk                             0x2000c900   Data         512  os_core.o(.bss)
    OSTmrWheelTbl                            0x2000cb00   Data          64  os_core.o(.bss)
    __libspace_start                         0x2000cb40   Data          96  libspace.o(.bss)
    __temporary_stack_top$libspace           0x2000cba0   Data           0  libspace.o(.bss)
    mem2base                                 0x68000000   Data       983040  malloc.o(.ARM.__AT_0x68000000)
    mem2mapbase                              0x680f0000   Data       61440  malloc.o(.ARM.__AT_0x680F0000)



==============================================================================

Memory Map of the image

  Image Entry point : 0x08000131

  Load Region LR_IROM1 (Base: 0x08000000, Size: 0x0000ee98, Max: 0x00080000, ABSOLUTE)

    Execution Region ER_IROM1 (Base: 0x08000000, Size: 0x0000ed78, Max: 0x00080000, ABSOLUTE)

    Base Addr    Size         Type   Attr      Idx    E Section Name        Object

    0x08000000   0x00000130   Data   RO          567    RESET               startup_stm32f10x_hd.o
    0x08000130   0x00000008   Code   RO          874  * !!!main             c_w.l(__main.o)
    0x08000138   0x00000034   Code   RO         1124    !!!scatter          c_w.l(__scatter.o)
    0x0800016c   0x0000001a   Code   RO         1126    !!handler_copy      c_w.l(__scatter_copy.o)
    0x08000186   0x00000002   PAD
    0x08000188   0x0000001c   Code   RO         1128    !!handler_zi        c_w.l(__scatter_zi.o)
    0x080001a4   0x00000000   Code   RO          869    .ARM.Collect$$_printf_percent$$00000000  c_w.l(_printf_percent.o)
    0x080001a4   0x00000006   Code   RO          868    .ARM.Collect$$_printf_percent$$00000009  c_w.l(_printf_d.o)
    0x080001aa   0x00000006   Code   RO          867    .ARM.Collect$$_printf_percent$$0000000C  c_w.l(_printf_x.o)
    0x080001b0   0x00000006   Code   RO          866    .ARM.Collect$$_printf_percent$$00000014  c_w.l(_printf_s.o)
    0x080001b6   0x00000004   Code   RO          949    .ARM.Collect$$_printf_percent$$00000017  c_w.l(_printf_percent_end.o)
    0x080001ba   0x00000002   Code   RO         1001    .ARM.Collect$$libinit$$00000000  c_w.l(libinit.o)
    0x080001bc   0x00000000   Code   RO         1005    .ARM.Collect$$libinit$$00000002  c_w.l(libinit2.o)
    0x080001bc   0x00000000   Code   RO         1007    .ARM.Collect$$libinit$$00000004  c_w.l(libinit2.o)
    0x080001bc   0x00000000   Code   RO         1010    .ARM.Collect$$libinit$$0000000A  c_w.l(libinit2.o)
    0x080001bc   0x00000000   Code   RO         1012    .ARM.Collect$$libinit$$0000000C  c_w.l(libinit2.o)
    0x080001bc   0x00000000   Code   RO         1014    .ARM.Collect$$libinit$$0000000E  c_w.l(libinit2.o)
    0x080001bc   0x00000000   Code   RO         1017    .ARM.Collect$$libinit$$00000011  c_w.l(libinit2.o)
    0x080001bc   0x00000000   Code   RO         1019    .ARM.Collect$$libinit$$00000013  c_w.l(libinit2.o)
    0x080001bc   0x00000000   Code   RO         1021    .ARM.Collect$$libinit$$00000015  c_w.l(libinit2.o)
    0x080001bc   0x00000000   Code   RO         1023    .ARM.Collect$$libinit$$00000017  c_w.l(libinit2.o)
    0x080001bc   0x00000000   Code   RO         1025    .ARM.Collect$$libinit$$00000019  c_w.l(libinit2.o)
    0x080001bc   0x00000000   Code   RO         1027    .ARM.Collect$$libinit$$0000001B  c_w.l(libinit2.o)
    0x080001bc   0x00000000   Code   RO         1029    .ARM.Collect$$libinit$$0000001D  c_w.l(libinit2.o)
    0x080001bc   0x00000000   Code   RO         1031    .ARM.Collect$$libinit$$0000001F  c_w.l(libinit2.o)
    0x080001bc   0x00000000   Code   RO         1033    .ARM.Collect$$libinit$$00000021  c_w.l(libinit2.o)
    0x080001bc   0x00000000   Code   RO         1035    .ARM.Collect$$libinit$$00000023  c_w.l(libinit2.o)
    0x080001bc   0x00000000   Code   RO         1037    .ARM.Collect$$libinit$$00000025  c_w.l(libinit2.o)
    0x080001bc   0x00000000   Code   RO         1041    .ARM.Collect$$libinit$$0000002C  c_w.l(libinit2.o)
    0x080001bc   0x00000000   Code   RO         1043    .ARM.Collect$$libinit$$0000002E  c_w.l(libinit2.o)
    0x080001bc   0x00000000   Code   RO         1045    .ARM.Collect$$libinit$$00000030  c_w.l(libinit2.o)
    0x080001bc   0x00000000   Code   RO         1047    .ARM.Collect$$libinit$$00000032  c_w.l(libinit2.o)
    0x080001bc   0x00000002   Code   RO         1048    .ARM.Collect$$libinit$$00000033  c_w.l(libinit2.o)
    0x080001be   0x00000002   Code   RO         1066    .ARM.Collect$$libshutdown$$00000000  c_w.l(libshutdown.o)
    0x080001c0   0x00000000   Code   RO         1076    .ARM.Collect$$libshutdown$$00000002  c_w.l(libshutdown2.o)
    0x080001c0   0x00000000   Code   RO         1078    .ARM.Collect$$libshutdown$$00000004  c_w.l(libshutdown2.o)
    0x080001c0   0x00000000   Code   RO         1081    .ARM.Collect$$libshutdown$$00000007  c_w.l(libshutdown2.o)
    0x080001c0   0x00000000   Code   RO         1084    .ARM.Collect$$libshutdown$$0000000A  c_w.l(libshutdown2.o)
    0x080001c0   0x00000000   Code   RO         1086    .ARM.Collect$$libshutdown$$0000000C  c_w.l(libshutdown2.o)
    0x080001c0   0x00000000   Code   RO         1089    .ARM.Collect$$libshutdown$$0000000F  c_w.l(libshutdown2.o)
    0x080001c0   0x00000002   Code   RO         1090    .ARM.Collect$$libshutdown$$00000010  c_w.l(libshutdown2.o)
    0x080001c2   0x00000000   Code   RO          936    .ARM.Collect$$rtentry$$00000000  c_w.l(__rtentry.o)
    0x080001c2   0x00000000   Code   RO          964    .ARM.Collect$$rtentry$$00000002  c_w.l(__rtentry2.o)
    0x080001c2   0x00000006   Code   RO          976    .ARM.Collect$$rtentry$$00000004  c_w.l(__rtentry4.o)
    0x080001c8   0x00000000   Code   RO          966    .ARM.Collect$$rtentry$$00000009  c_w.l(__rtentry2.o)
    0x080001c8   0x00000004   Code   RO          967    .ARM.Collect$$rtentry$$0000000A  c_w.l(__rtentry2.o)
    0x080001cc   0x00000000   Code   RO          969    .ARM.Collect$$rtentry$$0000000C  c_w.l(__rtentry2.o)
    0x080001cc   0x00000008   Code   RO          970    .ARM.Collect$$rtentry$$0000000D  c_w.l(__rtentry2.o)
    0x080001d4   0x00000002   Code   RO         1002    .ARM.Collect$$rtexit$$00000000  c_w.l(rtexit.o)
    0x080001d6   0x00000000   Code   RO         1050    .ARM.Collect$$rtexit$$00000002  c_w.l(rtexit2.o)
    0x080001d6   0x00000004   Code   RO         1051    .ARM.Collect$$rtexit$$00000003  c_w.l(rtexit2.o)
    0x080001da   0x00000006   Code   RO         1052    .ARM.Collect$$rtexit$$00000004  c_w.l(rtexit2.o)
    0x080001e0   0x00000b68   Code   RO            1    .text               main.o
    0x08000d48   0x00000016   Code   RO          180    .text               stm32f10x_it.o
    0x08000d5e   0x00000002   PAD
    0x08000d60   0x000001e0   Code   RO          221    .text               system_stm32f10x.o
    0x08000f40   0x0000004c   Code   RO          239    .text               led.o
    0x08000f8c   0x000000fc   Code   RO          251    .text               key.o
    0x08001088   0x00000038   Code   RO          264    .text               beep.o
    0x080010c0   0x0000344c   Code   RO          276    .text               lcd.o
    0x0800450c   0x0000026c   Code   RO          306    .text               myiic.o
    0x08004778   0x0000017a   Code   RO          321    .text               24cxx.o
    0x080048f2   0x00000002   PAD
    0x080048f4   0x00000fb4   Code   RO          374    .text               touch.o
    0x080058a8   0x00000284   Code   RO          398    .text               ctiic.o
    0x08005b2c   0x0000036c   Code   RO          413    .text               ott2001a.o
    0x08005e98   0x00000580   Code   RO          429    .text               ft5206.o
    0x08006418   0x00000458   Code   RO          445    .text               gt9147.o
    0x08006870   0x00000238   Code   RO          461    .text               tpad.o
    0x08006aa8   0x00000130   Code   RO          479    .text               delay.o
    0x08006bd8   0x00000148   Code   RO          510    .text               usart.o
    0x08006d20   0x0000022c   Code   RO          533    .text               malloc.o
    0x08006f4c   0x00000040   Code   RO          568    .text               startup_stm32f10x_hd.o
    0x08006f8c   0x000000dc   Code   RO          572    .text               misc.o
    0x08007068   0x0000060c   Code   RO          584    .text               stm32f10x_fsmc.o
    0x08007674   0x0000035c   Code   RO          596    .text               stm32f10x_gpio.o
    0x080079d0   0x000003a4   Code   RO          608    .text               stm32f10x_rcc.o
    0x08007d74   0x00000408   Code   RO          634    .text               stm32f10x_usart.o
    0x0800817c   0x00000e1a   Code   RO          646    .text               stm32f10x_tim.o
    0x08008f96   0x00000002   PAD
    0x08008f98   0x00000894   Code   RO          658    .text               os_core.o
    0x0800982c   0x0000080c   Code   RO          678    .text               os_flag.o
    0x0800a038   0x000003cc   Code   RO          690    .text               os_mbox.o
    0x0800a404   0x000005e8   Code   RO          720    .text               os_q.o
    0x0800a9ec   0x0000038c   Code   RO          732    .text               os_sem.o
    0x0800ad78   0x000007c4   Code   RO          744    .text               os_task.o
    0x0800b53c   0x000001b0   Code   RO          756    .text               os_time.o
    0x0800b6ec   0x00000634   Code   RO          768    .text               os_tmr.o
    0x0800bd20   0x000000b4   Code   RO          780    .text               os_cpu_a.o
    0x0800bdd4   0x000000d4   Code   RO          783    .text               os_cpu_c.o
    0x0800bea8   0x00000002   Code   RO          807    .text               c_w.l(use_no_semi_2.o)
    0x0800beaa   0x00000002   PAD
    0x0800beac   0x00000018   Code   RO          813    .text               c_w.l(noretval__2printf.o)
    0x0800bec4   0x00000028   Code   RO          815    .text               c_w.l(noretval__2sprintf.o)
    0x0800beec   0x0000004e   Code   RO          819    .text               c_w.l(_printf_pad.o)
    0x0800bf3a   0x00000052   Code   RO          821    .text               c_w.l(_printf_str.o)
    0x0800bf8c   0x00000078   Code   RO          823    .text               c_w.l(_printf_dec.o)
    0x0800c004   0x00000058   Code   RO          828    .text               c_w.l(_printf_hex_int.o)
    0x0800c05c   0x00000138   Code   RO          858    .text               c_w.l(__printf_flags_wp.o)
    0x0800c194   0x00000080   Code   RO          870    .text               c_w.l(strcmpv7m.o)
    0x0800c214   0x00000006   Code   RO          872    .text               c_w.l(heapauxi.o)
    0x0800c21a   0x00000002   Code   RO          934    .text               c_w.l(use_no_semi.o)
    0x0800c21c   0x00000016   Code   RO          937    .text               c_w.l(_rserrno.o)
    0x0800c232   0x000000b2   Code   RO          939    .text               c_w.l(_printf_intcommon.o)
    0x0800c2e4   0x00000030   Code   RO          941    .text               c_w.l(_printf_char_common.o)
    0x0800c314   0x0000000a   Code   RO          943    .text               c_w.l(_sputc.o)
    0x0800c31e   0x0000002c   Code   RO          945    .text               c_w.l(_printf_char.o)
    0x0800c34a   0x00000002   PAD
    0x0800c34c   0x00000024   Code   RO          947    .text               c_w.l(_printf_char_file.o)
    0x0800c370   0x00000008   Code   RO          981    .text               c_w.l(rt_errno_addr_intlibspace.o)
    0x0800c378   0x00000008   Code   RO          985    .text               c_w.l(ferror.o)
    0x0800c380   0x00000008   Code   RO          989    .text               c_w.l(libspace.o)
    0x0800c388   0x0000004a   Code   RO          992    .text               c_w.l(sys_stackheap_outer.o)
    0x0800c3d2   0x00000012   Code   RO          994    .text               c_w.l(exit.o)
    0x0800c3e4   0x0000000e   Code   RO          856    i._is_digit         c_w.l(__printf_wp.o)
    0x0800c3f2   0x0000004c   Code   RO          927    i.sqrt              m_ws.l(sqrt.o)
    0x0800c43e   0x00000002   PAD
    0x0800c440   0x00000150   Code   RO          876    x$fpl$dadd          fz_ws.l(daddsub_clz.o)
    0x0800c590   0x00000018   Code   RO          950    x$fpl$dcmpinf       fz_ws.l(dcmpi.o)
    0x0800c5a8   0x0000005a   Code   RO          882    x$fpl$dfixu         fz_ws.l(dfixu.o)
    0x0800c602   0x0000002e   Code   RO          887    x$fpl$dflt          fz_ws.l(dflt_clz.o)
    0x0800c630   0x00000026   Code   RO          886    x$fpl$dfltu         fz_ws.l(dflt_clz.o)
    0x0800c656   0x00000002   PAD
    0x0800c658   0x00000078   Code   RO          892    x$fpl$dleqf         fz_ws.l(dleqf.o)
    0x0800c6d0   0x00000154   Code   RO          894    x$fpl$dmul          fz_ws.l(dmul.o)
    0x0800c824   0x0000009c   Code   RO          952    x$fpl$dnaninf       fz_ws.l(dnaninf.o)
    0x0800c8c0   0x0000000c   Code   RO          954    x$fpl$dretinf       fz_ws.l(dretinf.o)
    0x0800c8cc   0x0000006c   Code   RO          896    x$fpl$drleqf        fz_ws.l(drleqf.o)
    0x0800c938   0x00000016   Code   RO          877    x$fpl$drsb          fz_ws.l(daddsub_clz.o)
    0x0800c94e   0x00000002   PAD
    0x0800c950   0x000001cc   Code   RO          956    x$fpl$dsqrt         fz_ws.l(dsqrt_noumaal.o)
    0x0800cb1c   0x000001d4   Code   RO          878    x$fpl$dsub          fz_ws.l(daddsub_clz.o)
    0x0800ccf0   0x00000056   Code   RO          898    x$fpl$f2d           fz_ws.l(f2d.o)
    0x0800cd46   0x00000002   PAD
    0x0800cd48   0x000000c4   Code   RO          900    x$fpl$fadd          fz_ws.l(faddsub_clz.o)
    0x0800ce0c   0x00000184   Code   RO          907    x$fpl$fdiv          fz_ws.l(fdiv.o)
    0x0800cf90   0x00000036   Code   RO          910    x$fpl$ffix          fz_ws.l(ffix.o)
    0x0800cfc6   0x00000002   PAD
    0x0800cfc8   0x0000003e   Code   RO          914    x$fpl$ffixu         fz_ws.l(ffixu.o)
    0x0800d006   0x00000002   PAD
    0x0800d008   0x00000030   Code   RO          919    x$fpl$fflt          fz_ws.l(fflt_clz.o)
    0x0800d038   0x00000026   Code   RO          918    x$fpl$ffltu         fz_ws.l(fflt_clz.o)
    0x0800d05e   0x00000002   PAD
    0x0800d060   0x00000102   Code   RO          924    x$fpl$fmul          fz_ws.l(fmul.o)
    0x0800d162   0x0000008c   Code   RO          958    x$fpl$fnaninf       fz_ws.l(fnaninf.o)
    0x0800d1ee   0x0000000a   Code   RO          960    x$fpl$fretinf       fz_ws.l(fretinf.o)
    0x0800d1f8   0x000000ea   Code   RO          902    x$fpl$fsub          fz_ws.l(faddsub_clz.o)
    0x0800d2e2   0x00000000   Code   RO          962    x$fpl$usenofp       fz_ws.l(usenofp.o)
    0x0800d2e2   0x000017c0   Data   RO          278    .constdata          lcd.o
    0x0800eaa2   0x00000002   PAD
    0x0800eaa4   0x00000004   Data   RO          375    .constdata          touch.o
    0x0800eaa8   0x0000000a   Data   RO          414    .constdata          ott2001a.o
    0x0800eab2   0x00000014   Data   RO          430    .constdata          ft5206.o
    0x0800eac6   0x000000c2   Data   RO          446    .constdata          gt9147.o
    0x0800eb88   0x00000018   Data   RO          537    .constdata          malloc.o
    0x0800eba0   0x00000100   Data   RO          660    .constdata          os_core.o
    0x0800eca0   0x00000028   Data   RO          829    .constdata          c_w.l(_printf_hex_int.o)
    0x0800ecc8   0x00000011   Data   RO          859    .constdata          c_w.l(__printf_flags_wp.o)
    0x0800ecd9   0x00000003   PAD
    0x0800ecdc   0x00000079   Data   RO          376    .conststring        touch.o
    0x0800ed55   0x00000003   PAD
    0x0800ed58   0x00000020   Data   RO         1122    Region$$Table       anon$$obj.o


    Execution Region RW_IRAM1 (Base: 0x20000000, Size: 0x0000d1a0, Max: 0x00010000, ABSOLUTE)

    Base Addr    Size         Type   Attr      Idx    E Section Name        Object

    0x20000000   0x0000001d   Data   RW            3    .data               main.o
    0x2000001d   0x00000003   PAD
    0x20000020   0x00000014   Data   RW          222    .data               system_stm32f10x.o
    0x20000034   0x00000001   Data   RW          252    .data               key.o
    0x20000035   0x00000001   PAD
    0x20000036   0x00000004   Data   RW          279    .data               lcd.o
    0x2000003a   0x00000002   PAD
    0x2000003c   0x00000036   Data   RW          377    .data               touch.o
    0x20000072   0x00000001   Data   RW          415    .data               ott2001a.o
    0x20000073   0x00000007   Data   RW          431    .data               ft5206.o
    0x2000007a   0x00000001   Data   RW          447    .data               gt9147.o
    0x2000007b   0x00000001   PAD
    0x2000007c   0x00000003   Data   RW          462    .data               tpad.o
    0x2000007f   0x00000001   PAD
    0x20000080   0x00000004   Data   RW          480    .data               delay.o
    0x20000084   0x00000006   Data   RW          512    .data               usart.o
    0x2000008a   0x00000002   PAD
    0x2000008c   0x0000001c   Data   RW          538    .data               malloc.o
    0x200000a8   0x00000014   Data   RW          609    .data               stm32f10x_rcc.o
    0x200000bc   0x0000005c   Data   RW          661    .data               os_core.o
    0x20000118   0x00000006   Data   RW          784    .data               os_cpu_c.o
    0x2000011e   0x00000002   PAD
    0x20000120   0x00001000   Zero   RW            2    .bss                main.o
    0x20001120   0x0000000e   Zero   RW          277    .bss                lcd.o
    0x2000112e   0x000000c8   Zero   RW          511    .bss                usart.o
    0x200011f6   0x0000000a   PAD
    0x20001200   0x0000aa00   Zero   RW          536    .bss                malloc.o
    0x2000bc00   0x00000f40   Zero   RW          659    .bss                os_core.o
    0x2000cb40   0x00000060   Zero   RW          990    .bss                c_w.l(libspace.o)
    0x2000cba0   0x00000200   Zero   RW          566    HEAP                startup_stm32f10x_hd.o
    0x2000cda0   0x00000400   Zero   RW          565    STACK               startup_stm32f10x_hd.o



  Load Region LR$$.ARM.__AT_0x68000000 (Base: 0x68000000, Size: 0x00000000, Max: 0x000f0000, ABSOLUTE)

    Execution Region ER$$.ARM.__AT_0x68000000 (Base: 0x68000000, Size: 0x000f0000, Max: 0x000f0000, ABSOLUTE, UNINIT)

    Base Addr    Size         Type   Attr      Idx    E Section Name        Object

    0x68000000   0x000f0000   Zero   RW          534    .ARM.__AT_0x68000000  malloc.o



  Load Region LR$$.ARM.__AT_0x680F0000 (Base: 0x680f0000, Size: 0x00000000, Max: 0x0000f000, ABSOLUTE)

    Execution Region ER$$.ARM.__AT_0x680F0000 (Base: 0x680f0000, Size: 0x0000f000, Max: 0x0000f000, ABSOLUTE, UNINIT)

    Base Addr    Size         Type   Attr      Idx    E Section Name        Object

    0x680f0000   0x0000f000   Zero   RW          535    .ARM.__AT_0x680F0000  malloc.o


==============================================================================

Image component sizes


      Code (inc. data)   RO Data    RW Data    ZI Data      Debug   Object Name

       378          0          0          0          0       3102   24cxx.o
        56          6          0          0          0        636   beep.o
       644         24          0          0          0       2201   ctiic.o
       304         24          0          4          0       2073   delay.o
      1408         76         20          7          0       3403   ft5206.o
      1112         74        194          1          0       3518   gt9147.o
       252         12          0          1          0        992   key.o
     13388        124       6080          4         14      19218   lcd.o
        76          8          0          0          0        647   led.o
      2920        462          0         29       4096     279195   main.o
       556         18         24         28    1088000       5280   malloc.o
       220         22          0          0          0       2097   misc.o
       620         14          0          0          0       2032   myiic.o
      2196        218        256         92       3904      16335   os_core.o
       180         36          0          0          0        432   os_cpu_a.o
       212          4          0          6          0      12207   os_cpu_c.o
      2060         42          0          0          0       7404   os_flag.o
       972         16          0          0          0       4606   os_mbox.o
      1512         30          0          0          0       6065   os_q.o
       908         18          0          0          0       4338   os_sem.o
      1988         70          0          0          0       8081   os_task.o
       432         30          0          0          0       1994   os_time.o
      1588         94          0          0          0       6025   os_tmr.o
       876         56         10          1          0       3151   ott2001a.o
        64         26        304          0       1536        900   startup_stm32f10x_hd.o
      1548         18          0          0          0       5675   stm32f10x_fsmc.o
       860         38          0          0          0       6029   stm32f10x_gpio.o
        22          0          0          0          0       1147   stm32f10x_it.o
       932         36          0         20          0       9356   stm32f10x_rcc.o
      3610         88          0          0          0      23136   stm32f10x_tim.o
      1032         22          0          0          0       8756   stm32f10x_usart.o
         0          0          0          0          0         32   sys.o
       480         38          0         20          0       2187   system_stm32f10x.o
      4020        222        125         54          0       7449   touch.o
       568         40          0          3          0       2743   tpad.o
       328         18          0          6        200       3590   usart.o

    ----------------------------------------------------------------------
     48328       2024       7050        288    1097760     466032   Object Totals
         0          0         32          0          0          0   (incl. Generated)
         6          0          5         12         10          0   (incl. Padding)

    ----------------------------------------------------------------------

      Code (inc. data)   RO Data    RW Data    ZI Data      Debug   Library Member Name

         8          0          0          0          0         68   __main.o
       312          4         17          0          0         92   __printf_flags_wp.o
        14          0          0          0          0         68   __printf_wp.o
         0          0          0          0          0          0   __rtentry.o
        12          0          0          0          0          0   __rtentry2.o
         6          0          0          0          0          0   __rtentry4.o
        52          8          0          0          0          0   __scatter.o
        26          0          0          0          0          0   __scatter_copy.o
        28          0          0          0          0          0   __scatter_zi.o
        44          0          0          0          0        108   _printf_char.o
        48          6          0          0          0         96   _printf_char_common.o
        36          4          0          0          0         80   _printf_char_file.o
         6          0          0          0          0          0   _printf_d.o
       120         16          0          0          0         92   _printf_dec.o
        88          4         40          0          0         88   _printf_hex_int.o
       178          0          0          0          0         88   _printf_intcommon.o
        78          0          0          0          0        108   _printf_pad.o
         0          0          0          0          0          0   _printf_percent.o
         4          0          0          0          0          0   _printf_percent_end.o
         6          0          0          0          0          0   _printf_s.o
        82          0          0          0          0         80   _printf_str.o
         6          0          0          0          0          0   _printf_x.o
        22          0          0          0          0        100   _rserrno.o
        10          0          0          0          0         68   _sputc.o
        18          0          0          0          0         80   exit.o
         8          0          0          0          0         68   ferror.o
         6          0          0          0          0        152   heapauxi.o
         2          0          0          0          0          0   libinit.o
         2          0          0          0          0          0   libinit2.o
         2          0          0          0          0          0   libshutdown.o
         2          0          0          0          0          0   libshutdown2.o
         8          4          0          0         96         68   libspace.o
        24          4          0          0          0         84   noretval__2printf.o
        40          6          0          0          0         84   noretval__2sprintf.o
         8          4          0          0          0         68   rt_errno_addr_intlibspace.o
         2          0          0          0          0          0   rtexit.o
        10          0          0          0          0          0   rtexit2.o
       128          0          0          0          0         68   strcmpv7m.o
        74          0          0          0          0         80   sys_stackheap_outer.o
         2          0          0          0          0         68   use_no_semi.o
         2          0          0          0          0         68   use_no_semi_2.o
       826         16          0          0          0        348   daddsub_clz.o
        24          0          0          0          0         68   dcmpi.o
        90          4          0          0          0         92   dfixu.o
        84          0          0          0          0        136   dflt_clz.o
       120          4          0          0          0         92   dleqf.o
       340         12          0          0          0        104   dmul.o
       156          4          0          0          0         92   dnaninf.o
        12          0          0          0          0         68   dretinf.o
       108          0          0          0          0         80   drleqf.o
       460         56          0          0          0        120   dsqrt_noumaal.o
        86          4          0          0          0         84   f2d.o
       430          8          0          0          0        168   faddsub_clz.o
       388         76          0          0          0         96   fdiv.o
        54          4          0          0          0         84   ffix.o
        62          4          0          0          0         84   ffixu.o
        86          0          0          0          0        136   fflt_clz.o
       258          4          0          0          0         84   fmul.o
       140          4          0          0          0         84   fnaninf.o
        10          0          0          0          0         68   fretinf.o
         0          0          0          0          0          0   usenofp.o
        76          0          0          0          0         84   sqrt.o

    ----------------------------------------------------------------------
      5354        260         60          0         96       4196   Library Totals
        20          0          3          0          0          0   (incl. Padding)

    ----------------------------------------------------------------------

      Code (inc. data)   RO Data    RW Data    ZI Data      Debug   Library Name

      1524         60         57          0         96       2024   c_w.l
      3734        200          0          0          0       2088   fz_ws.l
        76          0          0          0          0         84   m_ws.l

    ----------------------------------------------------------------------
      5354        260         60          0         96       4196   Library Totals

    ----------------------------------------------------------------------

==============================================================================


      Code (inc. data)   RO Data    RW Data    ZI Data      Debug   

     53682       2284       7110        288    1097856     465232   Grand Totals
     53682       2284       7110        288    1097856     465232   ELF Image Totals
     53682       2284       7110        288          0          0   ROM Totals

==============================================================================

    Total RO  Size (Code + RO Data)                60792 (  59.37kB)
    Total RW  Size (RW Data + ZI Data)           1098144 (1072.41kB)
    Total ROM Size (Code + RO Data + RW Data)      61080 (  59.65kB)

==============================================================================

